Archive member included to satisfy reference by file (symbol)

../Middlewares/ST/AI/Lib\NetworkRuntime900_CM4_GCC.a(ai_platform.o)
                              ./X-CUBE-AI/App/accelerometer_motion.o (ai_buffer_array_item_set_address)
../Middlewares/ST/AI/Lib\NetworkRuntime900_CM4_GCC.a(ai_platform_interface.o)
                              ./X-CUBE-AI/App/accelerometer_motion.o (ai_platform_get_weights_map)
../Middlewares/ST/AI/Lib\NetworkRuntime900_CM4_GCC.a(core_common.o)
                              ../Middlewares/ST/AI/Lib\NetworkRuntime900_CM4_GCC.a(ai_platform_interface.o) (core_init)
../Middlewares/ST/AI/Lib\NetworkRuntime900_CM4_GCC.a(core_mem_manager.o)
                              ../Middlewares/ST/AI/Lib\NetworkRuntime900_CM4_GCC.a(ai_platform_interface.o) (core_mem_alloc)
../Middlewares/ST/AI/Lib\NetworkRuntime900_CM4_GCC.a(layers.o)
                              ../Middlewares/ST/AI/Lib\NetworkRuntime900_CM4_GCC.a(ai_platform_interface.o) (ai_check_custom_types)
../Middlewares/ST/AI/Lib\NetworkRuntime900_CM4_GCC.a(layers_conv2d_generic_float.o)
                              ./X-CUBE-AI/App/accelerometer_motion.o (forward_conv2d_if32of32wf32)
../Middlewares/ST/AI/Lib\NetworkRuntime900_CM4_GCC.a(layers_nl_generic_float.o)
                              ./X-CUBE-AI/App/accelerometer_motion.o (forward_sigmoid)
../Middlewares/ST/AI/Lib\NetworkRuntime900_CM4_GCC.a(layers_pool_generic_float.o)
                              ./X-CUBE-AI/App/accelerometer_motion.o (forward_mp)
../Middlewares/ST/AI/Lib\NetworkRuntime900_CM4_GCC.a(layers_conv2d_integer_scratch.o)
                              ../Middlewares/ST/AI/Lib\NetworkRuntime900_CM4_GCC.a(layers.o) (get_conv2d_scratch_size)
../Middlewares/ST/AI/Lib\NetworkRuntime900_CM4_GCC.a(forward_lite_conv2d_if32of32wf32.o)
                              ../Middlewares/ST/AI/Lib\NetworkRuntime900_CM4_GCC.a(layers_conv2d_generic_float.o) (forward_lite_conv2d_if32of32wf32)
../Middlewares/ST/AI/Lib\NetworkRuntime900_CM4_GCC.a(lite_nl_softmax_if32of32.o)
                              ../Middlewares/ST/AI/Lib\NetworkRuntime900_CM4_GCC.a(layers_nl_generic_float.o) (forward_lite_nl_softmax_if32of32_kernel)
../Middlewares/ST/AI/Lib\NetworkRuntime900_CM4_GCC.a(lite_nl_relu_if32of32.o)
                              ../Middlewares/ST/AI/Lib\NetworkRuntime900_CM4_GCC.a(layers_nl_generic_float.o) (forward_lite_nl_prelu_if32of32_kernel)
../Middlewares/ST/AI/Lib\NetworkRuntime900_CM4_GCC.a(lite_dense_if32.o)
                              ../Middlewares/ST/AI/Lib\NetworkRuntime900_CM4_GCC.a(layers_conv2d_generic_float.o) (forward_lite_dense_if32of32wf32)
../Middlewares/ST/AI/Lib\NetworkRuntime900_CM4_GCC.a(st_int8_fill.o)
                              ../Middlewares/ST/AI/Lib\NetworkRuntime900_CM4_GCC.a(layers_nl_generic_float.o) (st_int8_fill)
../Middlewares/ST/AI/Lib\NetworkRuntime900_CM4_GCC.a(ai_math_helpers.o)
                              ../Middlewares/ST/AI/Lib\NetworkRuntime900_CM4_GCC.a(layers_nl_generic_float.o) (ai_math_sqrt)
../Middlewares/ST/AI/Lib\NetworkRuntime900_CM4_GCC.a(ai_datatypes_format.o)
                              ../Middlewares/ST/AI/Lib\NetworkRuntime900_CM4_GCC.a(ai_platform_interface.o) (ai_array_to_buffer_fmt)
../Middlewares/ST/AI/Lib\NetworkRuntime900_CM4_GCC.a(ai_datatypes_internal.o)
                              ../Middlewares/ST/AI/Lib\NetworkRuntime900_CM4_GCC.a(ai_platform_interface.o) (ai_version_get)
../Middlewares/ST/AI/Lib\NetworkRuntime900_CM4_GCC.a(ai_math_elementwise_mul_int8.o)
                              ../Middlewares/ST/AI/Lib\NetworkRuntime900_CM4_GCC.a(ai_math_helpers.o) (ai_math_elementwise_mul_int8)
../Middlewares/ST/AI/Lib\NetworkRuntime900_CM4_GCC.a(ai_math_elementwise_sum_int8.o)
                              ../Middlewares/ST/AI/Lib\NetworkRuntime900_CM4_GCC.a(ai_math_helpers.o) (ai_math_elementwise_sum_int8)
../Middlewares/ST/AI/Lib\NetworkRuntime900_CM4_GCC.a(st_align_factor.o)
                              ../Middlewares/ST/AI/Lib\NetworkRuntime900_CM4_GCC.a(ai_math_helpers.o) (align_factor)
C:/ST/STM32CubeIDE_1.3.0/STM32CubeIDE/plugins/com.st.stm32cube.ide.mcu.externaltools.gnu-tools-for-stm32.12.3.rel1.win32_1.0.200.202406191623/tools/bin/../lib/gcc/arm-none-eabi/12.3.1/../../../../arm-none-eabi/lib/thumb/v7e-m+fp/hard\libc_nano.a(libc_a-exit.o)
                              C:/ST/STM32CubeIDE_1.3.0/STM32CubeIDE/plugins/com.st.stm32cube.ide.mcu.externaltools.gnu-tools-for-stm32.12.3.rel1.win32_1.0.200.202406191623/tools/bin/../lib/gcc/arm-none-eabi/12.3.1/../../../../arm-none-eabi/lib/thumb/v7e-m+fp/hard/crt0.o (exit)
C:/ST/STM32CubeIDE_1.3.0/STM32CubeIDE/plugins/com.st.stm32cube.ide.mcu.externaltools.gnu-tools-for-stm32.12.3.rel1.win32_1.0.200.202406191623/tools/bin/../lib/gcc/arm-none-eabi/12.3.1/../../../../arm-none-eabi/lib/thumb/v7e-m+fp/hard\libc_nano.a(libc_a-malloc.o)
                              ../Middlewares/ST/AI/Lib\NetworkRuntime900_CM4_GCC.a(core_mem_manager.o) (malloc)
[...]
Memory Configuration

Name             Origin             Length             Attributes
RAM              0x20000000         0x00020000         xrw
FLASH            0x08000000         0x00080000         xr
*default*        0x00000000         0xffffffff

Linker script and memory map

LOAD C:/ST/STM32CubeIDE_1.3.0/STM32CubeIDE/plugins/com.st.stm32cube.ide.mcu.externaltools.gnu-tools-for-stm32.12.3.rel1.win32_1.0.200.202406191623/tools/bin/../lib/gcc/arm-none-eabi/12.3.1/thumb/v7e-m+fp/hard/crti.o
LOAD C:/ST/STM32CubeIDE_1.3.0/STM32CubeIDE/plugins/com.st.stm32cube.ide.mcu.externaltools.gnu-tools-for-stm32.12.3.rel1.win32_1.0.200.202406191623/tools/bin/../lib/gcc/arm-none-eabi/12.3.1/thumb/v7e-m+fp/hard/crtbegin.o
LOAD C:/ST/STM32CubeIDE_1.3.0/STM32CubeIDE/plugins/com.st.stm32cube.ide.mcu.externaltools.gnu-tools-for-stm32.12.3.rel1.win32_1.0.200.202406191623/tools/bin/../lib/gcc/arm-none-eabi/12.3.1/../../../../arm-none-eabi/lib/thumb/v7e-m+fp/hard/crt0.o
LOAD ./Core/Src/lsm303agr.o
LOAD ./Core/Src/lsm303dlhc.o
LOAD ./Core/Src/main.o
LOAD ./Core/Src/stm32f411e_discovery.o
LOAD ./Core/Src/stm32f411e_discovery_accelerometer.o
LOAD ./Core/Src/stm32f4xx_hal_msp.o
LOAD ./Core/Src/stm32f4xx_it.o
LOAD ./Core/Src/sysmem.o
LOAD ./Core/Src/system_stm32f4xx.o
LOAD ./Core/Startup/startup_stm32f411vetx.o
LOAD ./Drivers/STM32F4xx_HAL_Driver/Src/stm32f4xx_hal.o
LOAD ./Drivers/STM32F4xx_HAL_Driver/Src/stm32f4xx_hal_cortex.o
LOAD ./Drivers/STM32F4xx_HAL_Driver/Src/stm32f4xx_hal_dma.o
LOAD ./Drivers/STM32F4xx_HAL_Driver/Src/stm32f4xx_hal_dma_ex.o
LOAD ./Drivers/STM32F4xx_HAL_Driver/Src/stm32f4xx_hal_exti.o
LOAD ./Drivers/STM32F4xx_HAL_Driver/Src/stm32f4xx_hal_flash.o
LOAD ./Drivers/STM32F4xx_HAL_Driver/Src/stm32f4xx_hal_flash_ex.o
LOAD ./Drivers/STM32F4xx_HAL_Driver/Src/stm32f4xx_hal_flash_ramfunc.o
LOAD ./Drivers/STM32F4xx_HAL_Driver/Src/stm32f4xx_hal_gpio.o
LOAD ./Drivers/STM32F4xx_HAL_Driver/Src/stm32f4xx_hal_i2c.o
LOAD ./Drivers/STM32F4xx_HAL_Driver/Src/stm32f4xx_hal_i2c_ex.o
LOAD ./Drivers/STM32F4xx_HAL_Driver/Src/stm32f4xx_hal_i2s.o
LOAD ./Drivers/STM32F4xx_HAL_Driver/Src/stm32f4xx_hal_i2s_ex.o
LOAD ./Drivers/STM32F4xx_HAL_Driver/Src/stm32f4xx_hal_pcd.o
LOAD ./Drivers/STM32F4xx_HAL_Driver/Src/stm32f4xx_hal_pcd_ex.o
LOAD ./Drivers/STM32F4xx_HAL_Driver/Src/stm32f4xx_hal_pwr.o
LOAD ./Drivers/STM32F4xx_HAL_Driver/Src/stm32f4xx_hal_pwr_ex.o
LOAD ./Drivers/STM32F4xx_HAL_Driver/Src/stm32f4xx_hal_rcc.o
LOAD ./Drivers/STM32F4xx_HAL_Driver/Src/stm32f4xx_hal_rcc_ex.o
LOAD ./Drivers/STM32F4xx_HAL_Driver/Src/stm32f4xx_hal_spi.o
LOAD ./Drivers/STM32F4xx_HAL_Driver/Src/stm32f4xx_hal_tim.o
LOAD ./Drivers/STM32F4xx_HAL_Driver/Src/stm32f4xx_hal_tim_ex.o
LOAD ./Drivers/STM32F4xx_HAL_Driver/Src/stm32f4xx_ll_usb.o
LOAD ./Middlewares/ST/STM32_USB_Device_Library/Class/CDC/Src/usbd_cdc.o
LOAD ./Middlewares/ST/STM32_USB_Device_Library/Core/Src/usbd_core.o
LOAD ./Middlewares/ST/STM32_USB_Device_Library/Core/Src/usbd_ctlreq.o
LOAD ./Middlewares/ST/STM32_USB_Device_Library/Core/Src/usbd_ioreq.o
LOAD ./USB_DEVICE/App/usb_device.o
LOAD ./USB_DEVICE/App/usbd_cdc_if.o
LOAD ./USB_DEVICE/App/usbd_desc.o
LOAD ./USB_DEVICE/Target/usbd_conf.o
LOAD ./X-CUBE-AI/App/accelerometer_motion.o
LOAD ./X-CUBE-AI/App/accelerometer_motion_data.o
LOAD ./X-CUBE-AI/App/accelerometer_motion_data_params.o
LOAD ../Middlewares/ST/AI/Lib\NetworkRuntime900_CM4_GCC.a
START GROUP
LOAD C:/ST/STM32CubeIDE_1.3.0/STM32CubeIDE/plugins/com.st.stm32cube.ide.mcu.externaltools.gnu-tools-for-stm32.12.3.rel1.win32_1.0.200.202406191623/tools/bin/../lib/gcc/arm-none-eabi/12.3.1/../../../../arm-none-eabi/lib/thumb/v7e-m+fp/hard\libc_nano.a
LOAD C:/ST/STM32CubeIDE_1.3.0/STM32CubeIDE/plugins/com.st.stm32cube.ide.mcu.externaltools.gnu-tools-for-stm32.12.3.rel1.win32_1.0.200.202406191623/tools/bin/../lib/gcc/arm-none-eabi/12.3.1/../../../../arm-none-eabi/lib/thumb/v7e-m+fp/hard\libm.a
END GROUP
START GROUP
LOAD C:/ST/STM32CubeIDE_1.3.0/STM32CubeIDE/plugins/com.st.stm32cube.ide.mcu.externaltools.gnu-tools-for-stm32.12.3.rel1.win32_1.0.200.202406191623/tools/bin/../lib/gcc/arm-none-eabi/12.3.1/thumb/v7e-m+fp/hard\libgcc.a
LOAD C:/ST/STM32CubeIDE_1.3.0/STM32CubeIDE/plugins/com.st.stm32cube.ide.mcu.externaltools.gnu-tools-for-stm32.12.3.rel1.win32_1.0.200.202406191623/tools/bin/../lib/gcc/arm-none-eabi/12.3.1/../../../../arm-none-eabi/lib/thumb/v7e-m+fp/hard\libc_nano.a
END GROUP
START GROUP
LOAD C:/ST/STM32CubeIDE_1.3.0/STM32CubeIDE/plugins/com.st.stm32cube.ide.mcu.externaltools.gnu-tools-for-stm32.12.3.rel1.win32_1.0.200.202406191623/tools/bin/../lib/gcc/arm-none-eabi/12.3.1/thumb/v7e-m+fp/hard\libgcc.a
LOAD C:/ST/STM32CubeIDE_1.3.0/STM32CubeIDE/plugins/com.st.stm32cube.ide.mcu.externaltools.gnu-tools-for-stm32.12.3.rel1.win32_1.0.200.202406191623/tools/bin/../lib/gcc/arm-none-eabi/12.3.1/../../../../arm-none-eabi/lib/thumb/v7e-m+fp/hard\libc_nano.a
LOAD C:/ST/STM32CubeIDE_1.3.0/STM32CubeIDE/plugins/com.st.stm32cube.ide.mcu.externaltools.gnu-tools-for-stm32.12.3.rel1.win32_1.0.200.202406191623/tools/bin/../lib/gcc/arm-none-eabi/12.3.1/../../../../arm-none-eabi/lib/thumb/v7e-m+fp/hard\libnosys.a
END GROUP
START GROUP
LOAD C:/ST/STM32CubeIDE_1.3.0/STM32CubeIDE/plugins/com.st.stm32cube.ide.mcu.externaltools.gnu-tools-for-stm32.12.3.rel1.win32_1.0.200.202406191623/tools/bin/../lib/gcc/arm-none-eabi/12.3.1/thumb/v7e-m+fp/hard\libgcc.a
LOAD C:/ST/STM32CubeIDE_1.3.0/STM32CubeIDE/plugins/com.st.stm32cube.ide.mcu.externaltools.gnu-tools-for-stm32.12.3.rel1.win32_1.0.200.202406191623/tools/bin/../lib/gcc/arm-none-eabi/12.3.1/../../../../arm-none-eabi/lib/thumb/v7e-m+fp/hard\libc_nano.a
LOAD C:/ST/STM32CubeIDE_1.3.0/STM32CubeIDE/plugins/com.st.stm32cube.ide.mcu.externaltools.gnu-tools-for-stm32.12.3.rel1.win32_1.0.200.202406191623/tools/bin/../lib/gcc/arm-none-eabi/12.3.1/../../../../arm-none-eabi/lib/thumb/v7e-m+fp/hard\libnosys.a
END GROUP
LOAD C:/ST/STM32CubeIDE_1.3.0/STM32CubeIDE/plugins/com.st.stm32cube.ide.mcu.externaltools.gnu-tools-for-stm32.12.3.rel1.win32_1.0.200.202406191623/tools/bin/../lib/gcc/arm-none-eabi/12.3.1/thumb/v7e-m+fp/hard/crtend.o
LOAD C:/ST/STM32CubeIDE_1.3.0/STM32CubeIDE/plugins/com.st.stm32cube.ide.mcu.externaltools.gnu-tools-for-stm32.12.3.rel1.win32_1.0.200.202406191623/tools/bin/../lib/gcc/arm-none-eabi/12.3.1/thumb/v7e-m+fp/hard/crtn.o
                0x20020000                        _estack = (ORIGIN (RAM) + LENGTH (RAM))
                0x00000800                        _Min_Heap_Size = 0x800
                0x00000800                        _Min_Stack_Size = 0x800

.isr_vector     0x08000000      0x198
                0x08000000                        . = ALIGN (0x4)
 *(.isr_vector)
 .isr_vector    0x08000000      0x198 ./Core/Startup/startup_stm32f411vetx.o
                0x08000000                g_pfnVectors
                0x08000198                        . = ALIGN (0x4)

.text           0x080001a0    0x1000c
                0x080001a0                        . = ALIGN (0x4)
 *(.text)
 .text          0x080001a0       0x40 C:/ST/STM32CubeIDE_1.3.0/STM32CubeIDE/plugins/com.st.stm32cube.ide.mcu.externaltools.gnu-tools-for-stm32.12.3.rel1.win32_1.0.200.202406191623/tools/bin/../lib/gcc/arm-none-eabi/12.3.1/thumb/v7e-m+fp/hard/crtbegin.o
 .text          0x080001e0       0xa0 C:/ST/STM32CubeIDE_1.3.0/STM32CubeIDE/plugins/com.st.stm32cube.ide.mcu.externaltools.gnu-tools-for-stm32.12.3.rel1.win32_1.0.200.202406191623/tools/bin/../lib/gcc/arm-none-eabi/12.3.1/../../../../arm-none-eabi/lib/thumb/v7e-m+fp/hard\libc_nano.a(libc_a-memchr.o)
                0x080001e0                memchr
 .text          0x08000280       0x10 C:/ST/STM32CubeIDE_1.3.0/STM32CubeIDE/plugins/com.st.stm32cube.ide.mcu.externaltools.gnu-tools-for-stm32.12.3.rel1.win32_1.0.200.202406191623/tools/bin/../lib/gcc/arm-none-eabi/12.3.1/../../../../arm-none-eabi/lib/thumb/v7e-m+fp/hard\libc_nano.a(libc_a-strlen.o)
                0x08000280                strlen
 .text          0x08000290      0x378 C:/ST/STM32CubeIDE_1.3.0/STM32CubeIDE/plugins/com.st.stm32cube.ide.mcu.externaltools.gnu-tools-for-stm32.12.3.rel1.win32_1.0.200.202406191623/tools/bin/../lib/gcc/arm-none-eabi/12.3.1/thumb/v7e-m+fp/hard\libgcc.a(_arm_addsubdf3.o)
                0x08000290                __aeabi_drsub
                0x08000298                __aeabi_dsub
                0x08000298                __subdf3
                0x0800029c                __aeabi_dadd
                0x0800029c                __adddf3
                0x08000514                __floatunsidf
                0x08000514                __aeabi_ui2d
                0x08000534                __floatsidf
                0x08000534                __aeabi_i2d
                0x08000558                __aeabi_f2d
                0x08000558                __extendsfdf2
                0x0800059c                __floatundidf
                0x0800059c                __aeabi_ul2d
                0x080005ac                __floatdidf
                0x080005ac                __aeabi_l2d
 .text          0x08000608      0x424 C:/ST/STM32CubeIDE_1.3.0/STM32CubeIDE/plugins/com.st.stm32cube.ide.mcu.externaltools.gnu-tools-for-stm32.12.3.rel1.win32_1.0.200.202406191623/tools/bin/../lib/gcc/arm-none-eabi/12.3.1/thumb/v7e-m+fp/hard\libgcc.a(_arm_muldivdf3.o)
                0x08000608                __aeabi_dmul
                0x08000608                __muldf3
                0x0800085c                __divdf3
                0x0800085c                __aeabi_ddiv
 .text          0x08000a2c      0x110 C:/ST/STM32CubeIDE_1.3.0/STM32CubeIDE/plugins/com.st.stm32cube.ide.mcu.externaltools.gnu-tools-for-stm32.12.3.rel1.win32_1.0.200.202406191623/tools/bin/../lib/gcc/arm-none-eabi/12.3.1/thumb/v7e-m+fp/hard\libgcc.a(_arm_cmpdf2.o)
                0x08000a2c                __gtdf2
                0x08000a2c                __gedf2
                0x08000a34                __ltdf2
                0x08000a34                __ledf2
                0x08000a3c                __nedf2
                0x08000a3c                __eqdf2
                0x08000a3c                __cmpdf2
                0x08000ab8                __aeabi_cdrcmple
                0x08000ac8                __aeabi_cdcmpeq
                0x08000ac8                __aeabi_cdcmple
                0x08000ad8                __aeabi_dcmpeq
                0x08000aec                __aeabi_dcmplt
                0x08000b00                __aeabi_dcmple
                0x08000b14                __aeabi_dcmpge
                0x08000b28                __aeabi_dcmpgt
 .text          0x08000b3c       0x2c C:/ST/STM32CubeIDE_1.3.0/STM32CubeIDE/plugins/com.st.stm32cube.ide.mcu.externaltools.gnu-tools-for-stm32.12.3.rel1.win32_1.0.200.202406191623/tools/bin/../lib/gcc/arm-none-eabi/12.3.1/thumb/v7e-m+fp/hard\libgcc.a(_arm_unorddf2.o)
                0x08000b3c                __unorddf2
                0x08000b3c                __aeabi_dcmpun
 .text          0x08000b68       0x50 C:/ST/STM32CubeIDE_1.3.0/STM32CubeIDE/plugins/com.st.stm32cube.ide.mcu.externaltools.gnu-tools-for-stm32.12.3.rel1.win32_1.0.200.202406191623/tools/bin/../lib/gcc/arm-none-eabi/12.3.1/thumb/v7e-m+fp/hard\libgcc.a(_arm_fixdfsi.o)
                0x08000b68                __aeabi_d2iz
                0x08000b68                __fixdfsi
 .text          0x08000bb8       0x30 C:/ST/STM32CubeIDE_1.3.0/STM32CubeIDE/plugins/com.st.stm32cube.ide.mcu.externaltools.gnu-tools-for-stm32.12.3.rel1.win32_1.0.200.202406191623/tools/bin/../lib/gcc/arm-none-eabi/12.3.1/thumb/v7e-m+fp/hard\libgcc.a(_aeabi_uldivmod.o)
                0x08000bb8                __aeabi_uldivmod
 .text          0x08000be8      0x2bc C:/ST/STM32CubeIDE_1.3.0/STM32CubeIDE/plugins/com.st.stm32cube.ide.mcu.externaltools.gnu-tools-for-stm32.12.3.rel1.win32_1.0.200.202406191623/tools/bin/../lib/gcc/arm-none-eabi/12.3.1/thumb/v7e-m+fp/hard\libgcc.a(_udivmoddi4.o)
                0x08000be8                __udivmoddi4
 .text          0x08000ea4        0x4 C:/ST/STM32CubeIDE_1.3.0/STM32CubeIDE/plugins/com.st.stm32cube.ide.mcu.externaltools.gnu-tools-for-stm32.12.3.rel1.win32_1.0.200.202406191623/tools/bin/../lib/gcc/arm-none-eabi/12.3.1/thumb/v7e-m+fp/hard\libgcc.a(_dvmd_tls.o)
                0x08000ea4                __aeabi_idiv0
                0x08000ea4                __aeabi_ldiv0
 *(.text*)
 .text.LSM303AGR_AccInit
                0x08000ea8       0x3a ./Core/Src/lsm303agr.o
                0x08000ea8                LSM303AGR_AccInit
 .text.LSM303AGR_AccDeInit
                0x08000ee2        0xe ./Core/Src/lsm303agr.o
                0x08000ee2                LSM303AGR_AccDeInit
 .text.LSM303AGR_AccReadID
                0x08000ef0       0x24 ./Core/Src/lsm303agr.o
                0x08000ef0                LSM303AGR_AccReadID
 .text.LSM303AGR_AccRebootCmd
                0x08000f14       0x2e ./Core/Src/lsm303agr.o
                0x08000f14                LSM303AGR_AccRebootCmd
 .text.LSM303AGR_AccFilterConfig
                0x08000f42       0x3a ./Core/Src/lsm303agr.o
                0x08000f42                LSM303AGR_AccFilterConfig
 .text.LSM303AGR_AccFilterCmd
                0x08000f7c       0x3a ./Core/Src/lsm303agr.o
                0x08000f7c                LSM303AGR_AccFilterCmd
 .text.LSM303AGR_AccReadXYZ
                0x08000fb6      0x190 ./Core/Src/lsm303agr.o
                0x08000fb6                LSM303AGR_AccReadXYZ
 .text.LSM303AGR_AccFilterClickCmd
                0x08001146       0x3e ./Core/Src/lsm303agr.o
                0x08001146                LSM303AGR_AccFilterClickCmd
 .text.LSM303AGR_AccIT1Enable
                0x08001184       0x36 ./Core/Src/lsm303agr.o
                0x08001184                LSM303AGR_AccIT1Enable
 .text.LSM303AGR_AccClickITEnable
                0x080011ba       0x72 ./Core/Src/lsm303agr.o
                0x080011ba                LSM303AGR_AccClickITEnable
 .text.LSM303AGR_AccZClickITConfig
                0x0800122c       0x1e ./Core/Src/lsm303agr.o
                0x0800122c                LSM303AGR_AccZClickITConfig
 .text.LSM303DLHC_AccInit
                0x0800124a       0x3e ./Core/Src/lsm303dlhc.o
                0x0800124a                LSM303DLHC_AccInit
 .text.LSM303DLHC_AccDeInit
                0x08001288        0xe ./Core/Src/lsm303dlhc.o
                0x08001288                LSM303DLHC_AccDeInit
 .text.LSM303DLHC_AccReadID
                0x08001296       0x24 ./Core/Src/lsm303dlhc.o
                0x08001296                LSM303DLHC_AccReadID
 .text.LSM303DLHC_AccRebootCmd
                0x080012ba       0x2e ./Core/Src/lsm303dlhc.o
                0x080012ba                LSM303DLHC_AccRebootCmd
 .text.LSM303DLHC_AccFilterConfig
                0x080012e8       0x3a ./Core/Src/lsm303dlhc.o
                0x080012e8                LSM303DLHC_AccFilterConfig
 .text.LSM303DLHC_AccFilterCmd
                0x08001322       0x3a ./Core/Src/lsm303dlhc.o
                0x08001322                LSM303DLHC_AccFilterCmd
 .text.LSM303DLHC_AccReadXYZ
                0x0800135c      0x190 ./Core/Src/lsm303dlhc.o
                0x0800135c                LSM303DLHC_AccReadXYZ
 .text.LSM303DLHC_AccFilterClickCmd
                0x080014ec       0x3e ./Core/Src/lsm303dlhc.o
                0x080014ec                LSM303DLHC_AccFilterClickCmd
 .text.LSM303DLHC_AccIT1Enable
                0x0800152a       0x36 ./Core/Src/lsm303dlhc.o
                0x0800152a                LSM303DLHC_AccIT1Enable
 .text.LSM303DLHC_AccClickITEnable
                0x08001560       0x72 ./Core/Src/lsm303dlhc.o
                0x08001560                LSM303DLHC_AccClickITEnable
 .text.LSM303DLHC_AccZClickITConfig
                0x080015d2       0x1e ./Core/Src/lsm303dlhc.o
                0x080015d2                LSM303DLHC_AccZClickITConfig
 .text.AI_Init  0x080015f0       0x78 ./Core/Src/main.o
 .text.AI_Run   0x08001668       0x70 ./Core/Src/main.o
 .text.get_current_time_ms
                0x080016d8        0xe ./Core/Src/main.o
                0x080016d8                get_current_time_ms
 .text.make_prediction
                0x080016e6       0x2e ./Core/Src/main.o
                0x080016e6                make_prediction
 .text.normalize_accelerometer_data
                0x08001714       0x90 ./Core/Src/main.o
                0x08001714                normalize_accelerometer_data
 .text.main     0x080017a4      0x1c0 ./Core/Src/main.o
                0x080017a4                main
 .text.SystemClock_Config
                0x08001964       0xd4 ./Core/Src/main.o
                0x08001964                SystemClock_Config
 .text.PeriphCommonClock_Config
                0x08001a38       0x40 ./Core/Src/main.o
                0x08001a38                PeriphCommonClock_Config
 .text.MX_I2C1_Init
                0x08001a78       0x5c ./Core/Src/main.o
 .text.MX_I2S2_Init
                0x08001ad4       0x5c ./Core/Src/main.o
 .text.MX_I2S3_Init
                0x08001b30       0x60 ./Core/Src/main.o
 .text.MX_SPI1_Init
                0x08001b90       0x6c ./Core/Src/main.o
 .text.MX_GPIO_Init
                0x08001bfc      0x1b4 ./Core/Src/main.o
 .text.Error_Handler
                0x08001db0        0xc ./Core/Src/main.o
                0x08001db0                Error_Handler
 .text.I2Cx_Init
                0x08001dbc       0x64 ./Core/Src/stm32f411e_discovery.o
 .text.I2Cx_WriteData
                0x08001e20       0x50 ./Core/Src/stm32f411e_discovery.o
 .text.I2Cx_ReadData
                0x08001e70       0x58 ./Core/Src/stm32f411e_discovery.o
 .text.I2Cx_Error
                0x08001ec8       0x18 ./Core/Src/stm32f411e_discovery.o
 .text.I2Cx_MspInit
                0x08001ee0       0xac ./Core/Src/stm32f411e_discovery.o
 .text.COMPASSACCELERO_IO_Init
                0x08001f8c       0x50 ./Core/Src/stm32f411e_discovery.o
                0x08001f8c                COMPASSACCELERO_IO_Init
 .text.COMPASSACCELERO_IO_ITConfig
                0x08001fdc       0x60 ./Core/Src/stm32f411e_discovery.o
                0x08001fdc                COMPASSACCELERO_IO_ITConfig
 .text.COMPASSACCELERO_IO_Write
                0x0800203c       0x26 ./Core/Src/stm32f411e_discovery.o
                0x0800203c                COMPASSACCELERO_IO_Write
 .text.COMPASSACCELERO_IO_Read
                0x08002062       0x26 ./Core/Src/stm32f411e_discovery.o
                0x08002062                COMPASSACCELERO_IO_Read
 .text.BSP_ACCELERO_Init
                0x08002088      0x184 ./Core/Src/stm32f411e_discovery_accelerometer.o
                0x08002088                BSP_ACCELERO_Init
 .text.BSP_ACCELERO_GetXYZ
                0x0800220c       0x58 ./Core/Src/stm32f411e_discovery_accelerometer.o
                0x0800220c                BSP_ACCELERO_GetXYZ
 .text.HAL_MspInit
                0x08002264       0x50 ./Core/Src/stm32f4xx_hal_msp.o
                0x08002264                HAL_MspInit
 .text.HAL_I2C_MspInit
                0x080022b4       0x90 ./Core/Src/stm32f4xx_hal_msp.o
                0x080022b4                HAL_I2C_MspInit
 .text.HAL_I2C_MspDeInit
                0x08002344       0x44 ./Core/Src/stm32f4xx_hal_msp.o
                0x08002344                HAL_I2C_MspDeInit
 .text.HAL_I2S_MspInit
                0x08002388      0x19c ./Core/Src/stm32f4xx_hal_msp.o
                0x08002388                HAL_I2S_MspInit
 .text.HAL_SPI_MspInit
                0x08002524       0x90 ./Core/Src/stm32f4xx_hal_msp.o
                0x08002524                HAL_SPI_MspInit
 .text.NMI_Handler
                0x080025b4        0x8 ./Core/Src/stm32f4xx_it.o
                0x080025b4                NMI_Handler
 .text.HardFault_Handler
                0x080025bc        0x8 ./Core/Src/stm32f4xx_it.o
                0x080025bc                HardFault_Handler
 .text.MemManage_Handler
                0x080025c4        0x8 ./Core/Src/stm32f4xx_it.o
                0x080025c4                MemManage_Handler
 .text.BusFault_Handler
                0x080025cc        0x8 ./Core/Src/stm32f4xx_it.o
                0x080025cc                BusFault_Handler
 .text.UsageFault_Handler
                0x080025d4        0x8 ./Core/Src/stm32f4xx_it.o
                0x080025d4                UsageFault_Handler
 .text.SVC_Handler
                0x080025dc        0xe ./Core/Src/stm32f4xx_it.o
                0x080025dc                SVC_Handler
 .text.DebugMon_Handler
                0x080025ea        0xe ./Core/Src/stm32f4xx_it.o
                0x080025ea                DebugMon_Handler
 .text.PendSV_Handler
                0x080025f8        0xe ./Core/Src/stm32f4xx_it.o
                0x080025f8                PendSV_Handler
 .text.SysTick_Handler
                0x08002606        0xc ./Core/Src/stm32f4xx_it.o
                0x08002606                SysTick_Handler
 *fill*         0x08002612        0x2 
 .text.OTG_FS_IRQHandler
                0x08002614       0x14 ./Core/Src/stm32f4xx_it.o
                0x08002614                OTG_FS_IRQHandler
 .text._sbrk    0x08002628       0x6c ./Core/Src/sysmem.o
                0x08002628                _sbrk
 .text.SystemInit
                0x08002694       0x24 ./Core/Src/system_stm32f4xx.o
                0x08002694                SystemInit
 .text.Reset_Handler
                0x080026b8       0x50 ./Core/Startup/startup_stm32f411vetx.o
                0x080026b8                Reset_Handler
 .text.Default_Handler
                0x08002708        0x2 ./Core/Startup/startup_stm32f411vetx.o
                0x08002708                RTC_Alarm_IRQHandler
                0x08002708                EXTI2_IRQHandler
                0x08002708                SPI4_IRQHandler
                0x08002708                TIM1_CC_IRQHandler
                0x08002708                DMA2_Stream5_IRQHandler
                0x08002708                DMA1_Stream5_IRQHandler
                0x08002708                PVD_IRQHandler
                0x08002708                SDIO_IRQHandler
                0x08002708                TAMP_STAMP_IRQHandler
                0x08002708                EXTI3_IRQHandler
                0x08002708                TIM1_UP_TIM10_IRQHandler
                0x08002708                I2C3_ER_IRQHandler
                0x08002708                EXTI0_IRQHandler
                0x08002708                I2C2_EV_IRQHandler
                0x08002708                DMA1_Stream2_IRQHandler
                0x08002708                FPU_IRQHandler
                0x08002708                DMA2_Stream2_IRQHandler
                0x08002708                SPI1_IRQHandler
                0x08002708                TIM1_BRK_TIM9_IRQHandler
                0x08002708                DMA2_Stream3_IRQHandler
                0x08002708                USART6_IRQHandler
                0x08002708                DMA2_Stream0_IRQHandler
                0x08002708                TIM4_IRQHandler
                0x08002708                I2C1_EV_IRQHandler
                0x08002708                DMA1_Stream6_IRQHandler
                0x08002708                DMA1_Stream1_IRQHandler
                0x08002708                TIM3_IRQHandler
                0x08002708                RCC_IRQHandler
                0x08002708                Default_Handler
                0x08002708                EXTI15_10_IRQHandler
                0x08002708                ADC_IRQHandler
                0x08002708                DMA1_Stream7_IRQHandler
                0x08002708                SPI5_IRQHandler
                0x08002708                TIM5_IRQHandler
                0x08002708                DMA2_Stream7_IRQHandler
                0x08002708                I2C3_EV_IRQHandler
                0x08002708                EXTI9_5_IRQHandler
                0x08002708                RTC_WKUP_IRQHandler
                0x08002708                SPI2_IRQHandler
                0x08002708                DMA1_Stream0_IRQHandler
                0x08002708                EXTI4_IRQHandler
                0x08002708                WWDG_IRQHandler
                0x08002708                TIM2_IRQHandler
                0x08002708                OTG_FS_WKUP_IRQHandler
                0x08002708                TIM1_TRG_COM_TIM11_IRQHandler
                0x08002708                EXTI1_IRQHandler
                0x08002708                USART2_IRQHandler
                0x08002708                I2C2_ER_IRQHandler
                0x08002708                DMA2_Stream1_IRQHandler
                0x08002708                FLASH_IRQHandler
                0x08002708                DMA2_Stream4_IRQHandler
                0x08002708                USART1_IRQHandler
                0x08002708                SPI3_IRQHandler
                0x08002708                DMA1_Stream4_IRQHandler
                0x08002708                I2C1_ER_IRQHandler
                0x08002708                DMA2_Stream6_IRQHandler
                0x08002708                DMA1_Stream3_IRQHandler
 *fill*         0x0800270a        0x2 
 .text.HAL_Init
                0x0800270c       0x44 ./Drivers/STM32F4xx_HAL_Driver/Src/stm32f4xx_hal.o
                0x0800270c                HAL_Init
 .text.HAL_InitTick
                0x08002750       0x60 ./Drivers/STM32F4xx_HAL_Driver/Src/stm32f4xx_hal.o
                0x08002750                HAL_InitTick
 .text.HAL_IncTick
                0x080027b0       0x28 ./Drivers/STM32F4xx_HAL_Driver/Src/stm32f4xx_hal.o
                0x080027b0                HAL_IncTick
 .text.HAL_GetTick
                0x080027d8       0x18 ./Drivers/STM32F4xx_HAL_Driver/Src/stm32f4xx_hal.o
                0x080027d8                HAL_GetTick
 .text.HAL_Delay
                0x080027f0       0x48 ./Drivers/STM32F4xx_HAL_Driver/Src/stm32f4xx_hal.o
                0x080027f0                HAL_Delay
 .text.__NVIC_SetPriorityGrouping
                0x08002838       0x48 ./Drivers/STM32F4xx_HAL_Driver/Src/stm32f4xx_hal_cortex.o
 .text.__NVIC_GetPriorityGrouping
                0x08002880       0x1c ./Drivers/STM32F4xx_HAL_Driver/Src/stm32f4xx_hal_cortex.o
 .text.__NVIC_EnableIRQ
                0x0800289c       0x3c ./Drivers/STM32F4xx_HAL_Driver/Src/stm32f4xx_hal_cortex.o
 .text.__NVIC_SetPriority
                0x080028d8       0x54 ./Drivers/STM32F4xx_HAL_Driver/Src/stm32f4xx_hal_cortex.o
 .text.NVIC_EncodePriority
                0x0800292c       0x66 ./Drivers/STM32F4xx_HAL_Driver/Src/stm32f4xx_hal_cortex.o
 *fill*         0x08002992        0x2 
 .text.SysTick_Config
                0x08002994       0x44 ./Drivers/STM32F4xx_HAL_Driver/Src/stm32f4xx_hal_cortex.o
 .text.HAL_NVIC_SetPriorityGrouping
                0x080029d8       0x16 ./Drivers/STM32F4xx_HAL_Driver/Src/stm32f4xx_hal_cortex.o
                0x080029d8                HAL_NVIC_SetPriorityGrouping
 .text.HAL_NVIC_SetPriority
                0x080029ee       0x38 ./Drivers/STM32F4xx_HAL_Driver/Src/stm32f4xx_hal_cortex.o
                0x080029ee                HAL_NVIC_SetPriority
 .text.HAL_NVIC_EnableIRQ
                0x08002a26       0x1c ./Drivers/STM32F4xx_HAL_Driver/Src/stm32f4xx_hal_cortex.o
                0x08002a26                HAL_NVIC_EnableIRQ
 .text.HAL_SYSTICK_Config
                0x08002a42       0x18 ./Drivers/STM32F4xx_HAL_Driver/Src/stm32f4xx_hal_cortex.o
                0x08002a42                HAL_SYSTICK_Config
 *fill*         0x08002a5a        0x2 
 .text.HAL_GPIO_Init
                0x08002a5c      0x308 ./Drivers/STM32F4xx_HAL_Driver/Src/stm32f4xx_hal_gpio.o
                0x08002a5c                HAL_GPIO_Init
 .text.HAL_GPIO_DeInit
                0x08002d64      0x1c8 ./Drivers/STM32F4xx_HAL_Driver/Src/stm32f4xx_hal_gpio.o
                0x08002d64                HAL_GPIO_DeInit
 .text.HAL_GPIO_WritePin
                0x08002f2c       0x32 ./Drivers/STM32F4xx_HAL_Driver/Src/stm32f4xx_hal_gpio.o
                0x08002f2c                HAL_GPIO_WritePin
 *fill*         0x08002f5e        0x2 
 .text.HAL_I2C_Init
                0x08002f60      0x288 ./Drivers/STM32F4xx_HAL_Driver/Src/stm32f4xx_hal_i2c.o
                0x08002f60                HAL_I2C_Init
 .text.HAL_I2C_DeInit
                0x080031e8       0x5e ./Drivers/STM32F4xx_HAL_Driver/Src/stm32f4xx_hal_i2c.o
                0x080031e8                HAL_I2C_DeInit
 *fill*         0x08003246        0x2 
 .text.HAL_I2C_Mem_Write
                0x08003248      0x1f4 ./Drivers/STM32F4xx_HAL_Driver/Src/stm32f4xx_hal_i2c.o
                0x08003248                HAL_I2C_Mem_Write
 .text.HAL_I2C_Mem_Read
                0x0800343c      0x464 ./Drivers/STM32F4xx_HAL_Driver/Src/stm32f4xx_hal_i2c.o
                0x0800343c                HAL_I2C_Mem_Read
 .text.HAL_I2C_GetState
                0x080038a0       0x1c ./Drivers/STM32F4xx_HAL_Driver/Src/stm32f4xx_hal_i2c.o
                0x080038a0                HAL_I2C_GetState
 .text.I2C_RequestMemoryWrite
                0x080038bc      0x12c ./Drivers/STM32F4xx_HAL_Driver/Src/stm32f4xx_hal_i2c.o
 .text.I2C_RequestMemoryRead
                0x080039e8      0x1d0 ./Drivers/STM32F4xx_HAL_Driver/Src/stm32f4xx_hal_i2c.o
 .text.I2C_WaitOnFlagUntilTimeout
                0x08003bb8       0xf4 ./Drivers/STM32F4xx_HAL_Driver/Src/stm32f4xx_hal_i2c.o
 .text.I2C_WaitOnMasterAddressFlagUntilTimeout
                0x08003cac      0x140 ./Drivers/STM32F4xx_HAL_Driver/Src/stm32f4xx_hal_i2c.o
 .text.I2C_WaitOnTXEFlagUntilTimeout
                0x08003dec       0x90 ./Drivers/STM32F4xx_HAL_Driver/Src/stm32f4xx_hal_i2c.o
 .text.I2C_WaitOnBTFFlagUntilTimeout
                0x08003e7c       0x90 ./Drivers/STM32F4xx_HAL_Driver/Src/stm32f4xx_hal_i2c.o
 .text.I2C_WaitOnRXNEFlagUntilTimeout
                0x08003f0c       0xba ./Drivers/STM32F4xx_HAL_Driver/Src/stm32f4xx_hal_i2c.o
 .text.I2C_IsAcknowledgeFailed
                0x08003fc6       0x5e ./Drivers/STM32F4xx_HAL_Driver/Src/stm32f4xx_hal_i2c.o
 .text.HAL_I2S_Init
                0x08004024      0x280 ./Drivers/STM32F4xx_HAL_Driver/Src/stm32f4xx_hal_i2s.o
                0x08004024                HAL_I2S_Init
 .text.HAL_I2S_TxCpltCallback
                0x080042a4       0x14 ./Drivers/STM32F4xx_HAL_Driver/Src/stm32f4xx_hal_i2s.o
                0x080042a4                HAL_I2S_TxCpltCallback
 .text.HAL_I2S_RxCpltCallback
                0x080042b8       0x14 ./Drivers/STM32F4xx_HAL_Driver/Src/stm32f4xx_hal_i2s.o
                0x080042b8                HAL_I2S_RxCpltCallback
 .text.HAL_I2S_ErrorCallback
                0x080042cc       0x14 ./Drivers/STM32F4xx_HAL_Driver/Src/stm32f4xx_hal_i2s.o
                0x080042cc                HAL_I2S_ErrorCallback
 .text.I2S_Transmit_IT
                0x080042e0       0x5c ./Drivers/STM32F4xx_HAL_Driver/Src/stm32f4xx_hal_i2s.o
 .text.I2S_Receive_IT
                0x0800433c       0x5e ./Drivers/STM32F4xx_HAL_Driver/Src/stm32f4xx_hal_i2s.o
 .text.I2S_IRQHandler
                0x0800439a      0x114 ./Drivers/STM32F4xx_HAL_Driver/Src/stm32f4xx_hal_i2s.o
 *fill*         0x080044ae        0x2 
 .text.HAL_I2SEx_FullDuplex_IRQHandler
                0x080044b0      0x2a8 ./Drivers/STM32F4xx_HAL_Driver/Src/stm32f4xx_hal_i2s_ex.o
                0x080044b0                HAL_I2SEx_FullDuplex_IRQHandler
 .text.HAL_I2SEx_TxRxCpltCallback
                0x08004758       0x14 ./Drivers/STM32F4xx_HAL_Driver/Src/stm32f4xx_hal_i2s_ex.o
                0x08004758                HAL_I2SEx_TxRxCpltCallback
 .text.I2SEx_TxISR_I2S
                0x0800476c       0x62 ./Drivers/STM32F4xx_HAL_Driver/Src/stm32f4xx_hal_i2s_ex.o
 *fill*         0x080047ce        0x2 
 .text.I2SEx_TxISR_I2SExt
                0x080047d0       0x98 ./Drivers/STM32F4xx_HAL_Driver/Src/stm32f4xx_hal_i2s_ex.o
 .text.I2SEx_RxISR_I2S
                0x08004868       0x64 ./Drivers/STM32F4xx_HAL_Driver/Src/stm32f4xx_hal_i2s_ex.o
 .text.I2SEx_RxISR_I2SExt
                0x080048cc       0x98 ./Drivers/STM32F4xx_HAL_Driver/Src/stm32f4xx_hal_i2s_ex.o
 .text.HAL_PCD_Init
                0x08004964      0x21e ./Drivers/STM32F4xx_HAL_Driver/Src/stm32f4xx_hal_pcd.o
                0x08004964                HAL_PCD_Init
 .text.HAL_PCD_Start
                0x08004b82       0x6a ./Drivers/STM32F4xx_HAL_Driver/Src/stm32f4xx_hal_pcd.o
                0x08004b82                HAL_PCD_Start
 .text.HAL_PCD_IRQHandler
                0x08004bec      0x942 ./Drivers/STM32F4xx_HAL_Driver/Src/stm32f4xx_hal_pcd.o
                0x08004bec                HAL_PCD_IRQHandler
 .text.HAL_PCD_SetAddress
                0x0800552e       0x48 ./Drivers/STM32F4xx_HAL_Driver/Src/stm32f4xx_hal_pcd.o
                0x0800552e                HAL_PCD_SetAddress
 .text.HAL_PCD_EP_Open
                0x08005576       0xd0 ./Drivers/STM32F4xx_HAL_Driver/Src/stm32f4xx_hal_pcd.o
                0x08005576                HAL_PCD_EP_Open
 .text.HAL_PCD_EP_Close
                0x08005646       0x94 ./Drivers/STM32F4xx_HAL_Driver/Src/stm32f4xx_hal_pcd.o
                0x08005646                HAL_PCD_EP_Close
 .text.HAL_PCD_EP_Receive
                0x080056da       0x76 ./Drivers/STM32F4xx_HAL_Driver/Src/stm32f4xx_hal_pcd.o
                0x080056da                HAL_PCD_EP_Receive
 .text.HAL_PCD_EP_GetRxCount
                0x08005750       0x30 ./Drivers/STM32F4xx_HAL_Driver/Src/stm32f4xx_hal_pcd.o
                0x08005750                HAL_PCD_EP_GetRxCount
 .text.HAL_PCD_EP_Transmit
                0x08005780       0x74 ./Drivers/STM32F4xx_HAL_Driver/Src/stm32f4xx_hal_pcd.o
                0x08005780                HAL_PCD_EP_Transmit
 .text.HAL_PCD_EP_SetStall
                0x080057f4       0xc6 ./Drivers/STM32F4xx_HAL_Driver/Src/stm32f4xx_hal_pcd.o
                0x080057f4                HAL_PCD_EP_SetStall
 .text.HAL_PCD_EP_ClrStall
                0x080058ba       0xac ./Drivers/STM32F4xx_HAL_Driver/Src/stm32f4xx_hal_pcd.o
                0x080058ba                HAL_PCD_EP_ClrStall
 .text.HAL_PCD_EP_Abort
                0x08005966       0x62 ./Drivers/STM32F4xx_HAL_Driver/Src/stm32f4xx_hal_pcd.o
                0x08005966                HAL_PCD_EP_Abort
 .text.PCD_WriteEmptyTxFifo
                0x080059c8      0x118 ./Drivers/STM32F4xx_HAL_Driver/Src/stm32f4xx_hal_pcd.o
 .text.PCD_EP_OutXfrComplete_int
                0x08005ae0      0x1d0 ./Drivers/STM32F4xx_HAL_Driver/Src/stm32f4xx_hal_pcd.o
 .text.PCD_EP_OutSetupPacket_int
                0x08005cb0       0x8c ./Drivers/STM32F4xx_HAL_Driver/Src/stm32f4xx_hal_pcd.o
 .text.HAL_PCDEx_SetTxFiFo
                0x08005d3c       0x8e ./Drivers/STM32F4xx_HAL_Driver/Src/stm32f4xx_hal_pcd_ex.o
                0x08005d3c                HAL_PCDEx_SetTxFiFo
 .text.HAL_PCDEx_SetRxFiFo
                0x08005dca       0x22 ./Drivers/STM32F4xx_HAL_Driver/Src/stm32f4xx_hal_pcd_ex.o
                0x08005dca                HAL_PCDEx_SetRxFiFo
 .text.HAL_PCDEx_LPM_Callback
                0x08005dec       0x18 ./Drivers/STM32F4xx_HAL_Driver/Src/stm32f4xx_hal_pcd_ex.o
                0x08005dec                HAL_PCDEx_LPM_Callback
 .text.HAL_RCC_OscConfig
                0x08005e04      0x4f0 ./Drivers/STM32F4xx_HAL_Driver/Src/stm32f4xx_hal_rcc.o
                0x08005e04                HAL_RCC_OscConfig
 .text.HAL_RCC_ClockConfig
                0x080062f4      0x1cc ./Drivers/STM32F4xx_HAL_Driver/Src/stm32f4xx_hal_rcc.o
                0x080062f4                HAL_RCC_ClockConfig
 .text.HAL_RCC_GetSysClockFreq
                0x080064c0      0x20c ./Drivers/STM32F4xx_HAL_Driver/Src/stm32f4xx_hal_rcc.o
                0x080064c0                HAL_RCC_GetSysClockFreq
 .text.HAL_RCC_GetHCLKFreq
                0x080066cc       0x18 ./Drivers/STM32F4xx_HAL_Driver/Src/stm32f4xx_hal_rcc.o
                0x080066cc                HAL_RCC_GetHCLKFreq
 .text.HAL_RCC_GetPCLK1Freq
                0x080066e4       0x28 ./Drivers/STM32F4xx_HAL_Driver/Src/stm32f4xx_hal_rcc.o
                0x080066e4                HAL_RCC_GetPCLK1Freq
 .text.HAL_RCCEx_PeriphCLKConfig
                0x0800670c      0x1e0 ./Drivers/STM32F4xx_HAL_Driver/Src/stm32f4xx_hal_rcc_ex.o
                0x0800670c                HAL_RCCEx_PeriphCLKConfig
 .text.HAL_RCCEx_GetPeriphCLKFreq
                0x080068ec       0xc4 ./Drivers/STM32F4xx_HAL_Driver/Src/stm32f4xx_hal_rcc_ex.o
                0x080068ec                HAL_RCCEx_GetPeriphCLKFreq
 .text.HAL_SPI_Init
                0x080069b0      0x112 ./Drivers/STM32F4xx_HAL_Driver/Src/stm32f4xx_hal_spi.o
                0x080069b0                HAL_SPI_Init
 .text.USB_CoreInit
                0x08006ac2       0xc8 ./Drivers/STM32F4xx_HAL_Driver/Src/stm32f4xx_ll_usb.o
                0x08006ac2                USB_CoreInit
 *fill*         0x08006b8a        0x2 
 .text.USB_SetTurnaroundTime
                0x08006b8c      0x144 ./Drivers/STM32F4xx_HAL_Driver/Src/stm32f4xx_ll_usb.o
                0x08006b8c                USB_SetTurnaroundTime
 .text.USB_EnableGlobalInt
                0x08006cd0       0x22 ./Drivers/STM32F4xx_HAL_Driver/Src/stm32f4xx_ll_usb.o
                0x08006cd0                USB_EnableGlobalInt
 .text.USB_DisableGlobalInt
                0x08006cf2       0x22 ./Drivers/STM32F4xx_HAL_Driver/Src/stm32f4xx_ll_usb.o
                0x08006cf2                USB_DisableGlobalInt
 .text.USB_SetCurrentMode
                0x08006d14       0x98 ./Drivers/STM32F4xx_HAL_Driver/Src/stm32f4xx_ll_usb.o
                0x08006d14                USB_SetCurrentMode
 .text.USB_DevInit
                0x08006dac      0x2c8 ./Drivers/STM32F4xx_HAL_Driver/Src/stm32f4xx_ll_usb.o
                0x08006dac                USB_DevInit
 .text.USB_FlushTxFifo
                0x08007074       0x64 ./Drivers/STM32F4xx_HAL_Driver/Src/stm32f4xx_ll_usb.o
                0x08007074                USB_FlushTxFifo
 .text.USB_FlushRxFifo
                0x080070d8       0x5c ./Drivers/STM32F4xx_HAL_Driver/Src/stm32f4xx_ll_usb.o
                0x080070d8                USB_FlushRxFifo
 .text.USB_SetDevSpeed
                0x08007134       0x32 ./Drivers/STM32F4xx_HAL_Driver/Src/stm32f4xx_ll_usb.o
                0x08007134                USB_SetDevSpeed
 .text.USB_GetDevSpeed
                0x08007166       0x4a ./Drivers/STM32F4xx_HAL_Driver/Src/stm32f4xx_ll_usb.o
                0x08007166                USB_GetDevSpeed
 .text.USB_ActivateEndpoint
                0x080071b0      0x10e ./Drivers/STM32F4xx_HAL_Driver/Src/stm32f4xx_ll_usb.o
                0x080071b0                USB_ActivateEndpoint
 *fill*         0x080072be        0x2 
 .text.USB_DeactivateEndpoint
                0x080072c0      0x1b8 ./Drivers/STM32F4xx_HAL_Driver/Src/stm32f4xx_ll_usb.o
                0x080072c0                USB_DeactivateEndpoint
 .text.USB_EPStartXfer
                0x08007478      0x530 ./Drivers/STM32F4xx_HAL_Driver/Src/stm32f4xx_ll_usb.o
                0x08007478                USB_EPStartXfer
 .text.USB_EPStopXfer
                0x080079a8      0x154 ./Drivers/STM32F4xx_HAL_Driver/Src/stm32f4xx_ll_usb.o
                0x080079a8                USB_EPStopXfer
 .text.USB_WritePacket
                0x08007afc       0x7c ./Drivers/STM32F4xx_HAL_Driver/Src/stm32f4xx_ll_usb.o
                0x08007afc                USB_WritePacket
 .text.USB_ReadPacket
                0x08007b78       0xb0 ./Drivers/STM32F4xx_HAL_Driver/Src/stm32f4xx_ll_usb.o
                0x08007b78                USB_ReadPacket
 .text.USB_EPSetStall
                0x08007c28       0xdc ./Drivers/STM32F4xx_HAL_Driver/Src/stm32f4xx_ll_usb.o
                0x08007c28                USB_EPSetStall
 .text.USB_EPClearStall
                0x08007d04       0xcc ./Drivers/STM32F4xx_HAL_Driver/Src/stm32f4xx_ll_usb.o
                0x08007d04                USB_EPClearStall
 .text.USB_SetDevAddress
                0x08007dd0       0x4c ./Drivers/STM32F4xx_HAL_Driver/Src/stm32f4xx_ll_usb.o
                0x08007dd0                USB_SetDevAddress
 .text.USB_DevConnect
                0x08007e1c       0x42 ./Drivers/STM32F4xx_HAL_Driver/Src/stm32f4xx_ll_usb.o
                0x08007e1c                USB_DevConnect
 .text.USB_DevDisconnect
                0x08007e5e       0x42 ./Drivers/STM32F4xx_HAL_Driver/Src/stm32f4xx_ll_usb.o
                0x08007e5e                USB_DevDisconnect
 .text.USB_ReadInterrupts
                0x08007ea0       0x26 ./Drivers/STM32F4xx_HAL_Driver/Src/stm32f4xx_ll_usb.o
                0x08007ea0                USB_ReadInterrupts
 .text.USB_ReadDevAllOutEpInterrupt
                0x08007ec6       0x34 ./Drivers/STM32F4xx_HAL_Driver/Src/stm32f4xx_ll_usb.o
                0x08007ec6                USB_ReadDevAllOutEpInterrupt
 .text.USB_ReadDevAllInEpInterrupt
                0x08007efa       0x34 ./Drivers/STM32F4xx_HAL_Driver/Src/stm32f4xx_ll_usb.o
                0x08007efa                USB_ReadDevAllInEpInterrupt
 .text.USB_ReadDevOutEPInterrupt
                0x08007f2e       0x3c ./Drivers/STM32F4xx_HAL_Driver/Src/stm32f4xx_ll_usb.o
                0x08007f2e                USB_ReadDevOutEPInterrupt
 .text.USB_ReadDevInEPInterrupt
                0x08007f6a       0x5c ./Drivers/STM32F4xx_HAL_Driver/Src/stm32f4xx_ll_usb.o
                0x08007f6a                USB_ReadDevInEPInterrupt
 .text.USB_GetMode
                0x08007fc6       0x1c ./Drivers/STM32F4xx_HAL_Driver/Src/stm32f4xx_ll_usb.o
                0x08007fc6                USB_GetMode
 .text.USB_ActivateSetup
                0x08007fe2       0x46 ./Drivers/STM32F4xx_HAL_Driver/Src/stm32f4xx_ll_usb.o
                0x08007fe2                USB_ActivateSetup
 .text.USB_EP0_OutStart
                0x08008028       0xbc ./Drivers/STM32F4xx_HAL_Driver/Src/stm32f4xx_ll_usb.o
                0x08008028                USB_EP0_OutStart
 .text.USB_CoreReset
                0x080080e4       0x62 ./Drivers/STM32F4xx_HAL_Driver/Src/stm32f4xx_ll_usb.o
 *fill*         0x08008146        0x2 
 .text.USBD_CDC_Init
                0x08008148      0x1f0 ./Middlewares/ST/STM32_USB_Device_Library/Class/CDC/Src/usbd_cdc.o
 .text.USBD_CDC_DeInit
                0x08008338      0x104 ./Middlewares/ST/STM32_USB_Device_Library/Class/CDC/Src/usbd_cdc.o
 .text.USBD_CDC_Setup
                0x0800843c      0x1b8 ./Middlewares/ST/STM32_USB_Device_Library/Class/CDC/Src/usbd_cdc.o
 .text.USBD_CDC_DataIn
                0x080085f4       0xfe ./Middlewares/ST/STM32_USB_Device_Library/Class/CDC/Src/usbd_cdc.o
 .text.USBD_CDC_DataOut
                0x080086f2       0x70 ./Middlewares/ST/STM32_USB_Device_Library/Class/CDC/Src/usbd_cdc.o
 .text.USBD_CDC_EP0_RxReady
                0x08008762       0x74 ./Middlewares/ST/STM32_USB_Device_Library/Class/CDC/Src/usbd_cdc.o
 *fill*         0x080087d6        0x2 
 .text.USBD_CDC_GetFSCfgDesc
                0x080087d8       0x70 ./Middlewares/ST/STM32_USB_Device_Library/Class/CDC/Src/usbd_cdc.o
 .text.USBD_CDC_GetHSCfgDesc
                0x08008848       0x70 ./Middlewares/ST/STM32_USB_Device_Library/Class/CDC/Src/usbd_cdc.o
 .text.USBD_CDC_GetOtherSpeedCfgDesc
                0x080088b8       0x70 ./Middlewares/ST/STM32_USB_Device_Library/Class/CDC/Src/usbd_cdc.o
 .text.USBD_CDC_GetDeviceQualifierDescriptor
                0x08008928       0x20 ./Middlewares/ST/STM32_USB_Device_Library/Class/CDC/Src/usbd_cdc.o
                0x08008928                USBD_CDC_GetDeviceQualifierDescriptor
 .text.USBD_CDC_RegisterInterface
                0x08008948       0x34 ./Middlewares/ST/STM32_USB_Device_Library/Class/CDC/Src/usbd_cdc.o
                0x08008948                USBD_CDC_RegisterInterface
 .text.USBD_CDC_SetTxBuffer
                0x0800897c       0x44 ./Middlewares/ST/STM32_USB_Device_Library/Class/CDC/Src/usbd_cdc.o
                0x0800897c                USBD_CDC_SetTxBuffer
 .text.USBD_CDC_SetRxBuffer
                0x080089c0       0x3a ./Middlewares/ST/STM32_USB_Device_Library/Class/CDC/Src/usbd_cdc.o
                0x080089c0                USBD_CDC_SetRxBuffer
 *fill*         0x080089fa        0x2 
 .text.USBD_CDC_TransmitPacket
                0x080089fc       0x80 ./Middlewares/ST/STM32_USB_Device_Library/Class/CDC/Src/usbd_cdc.o
                0x080089fc                USBD_CDC_TransmitPacket
 .text.USBD_CDC_ReceivePacket
                0x08008a7c       0x6c ./Middlewares/ST/STM32_USB_Device_Library/Class/CDC/Src/usbd_cdc.o
                0x08008a7c                USBD_CDC_ReceivePacket
 .text.USBD_Init
                0x08008ae8       0x60 ./Middlewares/ST/STM32_USB_Device_Library/Core/Src/usbd_core.o
                0x08008ae8                USBD_Init
 .text.USBD_RegisterClass
                0x08008b48       0x6c ./Middlewares/ST/STM32_USB_Device_Library/Core/Src/usbd_core.o
                0x08008b48                USBD_RegisterClass
 .text.USBD_Start
                0x08008bb4       0x18 ./Middlewares/ST/STM32_USB_Device_Library/Core/Src/usbd_core.o
                0x08008bb4                USBD_Start
 .text.USBD_RunTestMode
                0x08008bcc       0x16 ./Middlewares/ST/STM32_USB_Device_Library/Core/Src/usbd_core.o
                0x08008bcc                USBD_RunTestMode
 .text.USBD_SetClassConfig
                0x08008be2       0x38 ./Middlewares/ST/STM32_USB_Device_Library/Core/Src/usbd_core.o
                0x08008be2                USBD_SetClassConfig
 .text.USBD_ClrClassConfig
                0x08008c1a       0x34 ./Middlewares/ST/STM32_USB_Device_Library/Core/Src/usbd_core.o
                0x08008c1a                USBD_ClrClassConfig
 .text.USBD_LL_SetupStage
                0x08008c4e       0xaa ./Middlewares/ST/STM32_USB_Device_Library/Core/Src/usbd_core.o
                0x08008c4e                USBD_LL_SetupStage
 .text.USBD_LL_DataOutStage
                0x08008cf8      0x166 ./Middlewares/ST/STM32_USB_Device_Library/Core/Src/usbd_core.o
                0x08008cf8                USBD_LL_DataOutStage
 .text.USBD_LL_DataInStage
                0x08008e5e      0x164 ./Middlewares/ST/STM32_USB_Device_Library/Core/Src/usbd_core.o
                0x08008e5e                USBD_LL_DataInStage
 .text.USBD_LL_Reset
                0x08008fc2       0xa4 ./Middlewares/ST/STM32_USB_Device_Library/Core/Src/usbd_core.o
                0x08008fc2                USBD_LL_Reset
 .text.USBD_LL_SetSpeed
                0x08009066       0x20 ./Middlewares/ST/STM32_USB_Device_Library/Core/Src/usbd_core.o
                0x08009066                USBD_LL_SetSpeed
 .text.USBD_LL_Suspend
                0x08009086       0x38 ./Middlewares/ST/STM32_USB_Device_Library/Core/Src/usbd_core.o
                0x08009086                USBD_LL_Suspend
 .text.USBD_LL_Resume
                0x080090be       0x30 ./Middlewares/ST/STM32_USB_Device_Library/Core/Src/usbd_core.o
                0x080090be                USBD_LL_Resume
 .text.USBD_LL_SOF
                0x080090ee       0x40 ./Middlewares/ST/STM32_USB_Device_Library/Core/Src/usbd_core.o
                0x080090ee                USBD_LL_SOF
 .text.USBD_LL_IsoINIncomplete
                0x0800912e       0x64 ./Middlewares/ST/STM32_USB_Device_Library/Core/Src/usbd_core.o
                0x0800912e                USBD_LL_IsoINIncomplete
 .text.USBD_LL_IsoOUTIncomplete
                0x08009192       0x64 ./Middlewares/ST/STM32_USB_Device_Library/Core/Src/usbd_core.o
                0x08009192                USBD_LL_IsoOUTIncomplete
 .text.USBD_LL_DevConnected
                0x080091f6       0x16 ./Middlewares/ST/STM32_USB_Device_Library/Core/Src/usbd_core.o
                0x080091f6                USBD_LL_DevConnected
 .text.USBD_LL_DevDisconnected
                0x0800920c       0x46 ./Middlewares/ST/STM32_USB_Device_Library/Core/Src/usbd_core.o
                0x0800920c                USBD_LL_DevDisconnected
 .text.USBD_CoreFindIF
                0x08009252       0x1a ./Middlewares/ST/STM32_USB_Device_Library/Core/Src/usbd_core.o
                0x08009252                USBD_CoreFindIF
 .text.USBD_CoreFindEP
                0x0800926c       0x1a ./Middlewares/ST/STM32_USB_Device_Library/Core/Src/usbd_core.o
                0x0800926c                USBD_CoreFindEP
 .text.USBD_GetEpDesc
                0x08009286       0x70 ./Middlewares/ST/STM32_USB_Device_Library/Core/Src/usbd_core.o
                0x08009286                USBD_GetEpDesc
 .text.USBD_GetNextDesc
                0x080092f6       0x38 ./Middlewares/ST/STM32_USB_Device_Library/Core/Src/usbd_core.o
                0x080092f6                USBD_GetNextDesc
 .text.SWAPBYTE
                0x0800932e       0x3c ./Middlewares/ST/STM32_USB_Device_Library/Core/Src/usbd_ctlreq.o
 *fill*         0x0800936a        0x2 
 .text.USBD_StdDevReq
                0x0800936c       0xe4 ./Middlewares/ST/STM32_USB_Device_Library/Core/Src/usbd_ctlreq.o
                0x0800936c                USBD_StdDevReq
 .text.USBD_StdItfReq
                0x08009450       0xd8 ./Middlewares/ST/STM32_USB_Device_Library/Core/Src/usbd_ctlreq.o
                0x08009450                USBD_StdItfReq
 .text.USBD_StdEPReq
                0x08009528      0x33a ./Middlewares/ST/STM32_USB_Device_Library/Core/Src/usbd_ctlreq.o
                0x08009528                USBD_StdEPReq
 *fill*         0x08009862        0x2 
 .text.USBD_GetDescriptor
                0x08009864      0x2d4 ./Middlewares/ST/STM32_USB_Device_Library/Core/Src/usbd_ctlreq.o
 .text.USBD_SetAddress
                0x08009b38       0x88 ./Middlewares/ST/STM32_USB_Device_Library/Core/Src/usbd_ctlreq.o
 .text.USBD_SetConfig
                0x08009bc0      0x154 ./Middlewares/ST/STM32_USB_Device_Library/Core/Src/usbd_ctlreq.o
 .text.USBD_GetConfig
                0x08009d14       0x6c ./Middlewares/ST/STM32_USB_Device_Library/Core/Src/usbd_ctlreq.o
 .text.USBD_GetStatus
                0x08009d80       0x68 ./Middlewares/ST/STM32_USB_Device_Library/Core/Src/usbd_ctlreq.o
 .text.USBD_SetFeature
                0x08009de8       0x52 ./Middlewares/ST/STM32_USB_Device_Library/Core/Src/usbd_ctlreq.o
 .text.USBD_ClrFeature
                0x08009e3a       0x44 ./Middlewares/ST/STM32_USB_Device_Library/Core/Src/usbd_ctlreq.o
 .text.USBD_ParseSetupRequest
                0x08009e7e       0x74 ./Middlewares/ST/STM32_USB_Device_Library/Core/Src/usbd_ctlreq.o
                0x08009e7e                USBD_ParseSetupRequest
 .text.USBD_CtlError
                0x08009ef2       0x22 ./Middlewares/ST/STM32_USB_Device_Library/Core/Src/usbd_ctlreq.o
                0x08009ef2                USBD_CtlError
 .text.USBD_GetString
                0x08009f14       0x8c ./Middlewares/ST/STM32_USB_Device_Library/Core/Src/usbd_ctlreq.o
                0x08009f14                USBD_GetString
 .text.USBD_GetLen
                0x08009fa0       0x34 ./Middlewares/ST/STM32_USB_Device_Library/Core/Src/usbd_ctlreq.o
 .text.USBD_CtlSendData
                0x08009fd4       0x36 ./Middlewares/ST/STM32_USB_Device_Library/Core/Src/usbd_ioreq.o
                0x08009fd4                USBD_CtlSendData
 .text.USBD_CtlContinueSendData
                0x0800a00a       0x22 ./Middlewares/ST/STM32_USB_Device_Library/Core/Src/usbd_ioreq.o
                0x0800a00a                USBD_CtlContinueSendData
 .text.USBD_CtlPrepareRx
                0x0800a02c       0x3a ./Middlewares/ST/STM32_USB_Device_Library/Core/Src/usbd_ioreq.o
                0x0800a02c                USBD_CtlPrepareRx
 .text.USBD_CtlContinueRx
                0x0800a066       0x22 ./Middlewares/ST/STM32_USB_Device_Library/Core/Src/usbd_ioreq.o
                0x0800a066                USBD_CtlContinueRx
 .text.USBD_CtlSendStatus
                0x0800a088       0x26 ./Middlewares/ST/STM32_USB_Device_Library/Core/Src/usbd_ioreq.o
                0x0800a088                USBD_CtlSendStatus
 .text.USBD_CtlReceiveStatus
                0x0800a0ae       0x26 ./Middlewares/ST/STM32_USB_Device_Library/Core/Src/usbd_ioreq.o
                0x0800a0ae                USBD_CtlReceiveStatus
 .text.MX_USB_DEVICE_Init
                0x0800a0d4       0x60 ./USB_DEVICE/App/usb_device.o
                0x0800a0d4                MX_USB_DEVICE_Init
 .text.CDC_Init_FS
                0x0800a134       0x28 ./USB_DEVICE/App/usbd_cdc_if.o
 .text.CDC_DeInit_FS
                0x0800a15c       0x10 ./USB_DEVICE/App/usbd_cdc_if.o
 .text.CDC_Control_FS
                0x0800a16c       0xbc ./USB_DEVICE/App/usbd_cdc_if.o
 .text.CDC_Receive_FS
                0x0800a228       0x28 ./USB_DEVICE/App/usbd_cdc_if.o
 .text.CDC_Transmit_FS
                0x0800a250       0x4c ./USB_DEVICE/App/usbd_cdc_if.o
                0x0800a250                CDC_Transmit_FS
 .text.CDC_TransmitCplt_FS
                0x0800a29c       0x22 ./USB_DEVICE/App/usbd_cdc_if.o
 *fill*         0x0800a2be        0x2 
 .text.USBD_FS_DeviceDescriptor
                0x0800a2c0       0x24 ./USB_DEVICE/App/usbd_desc.o
                0x0800a2c0                USBD_FS_DeviceDescriptor
 .text.USBD_FS_LangIDStrDescriptor
                0x0800a2e4       0x24 ./USB_DEVICE/App/usbd_desc.o
                0x0800a2e4                USBD_FS_LangIDStrDescriptor
 .text.USBD_FS_ProductStrDescriptor
                0x0800a308       0x3c ./USB_DEVICE/App/usbd_desc.o
                0x0800a308                USBD_FS_ProductStrDescriptor
 .text.USBD_FS_ManufacturerStrDescriptor
                0x0800a344       0x28 ./USB_DEVICE/App/usbd_desc.o
                0x0800a344                USBD_FS_ManufacturerStrDescriptor
 .text.USBD_FS_SerialStrDescriptor
                0x0800a36c       0x24 ./USB_DEVICE/App/usbd_desc.o
                0x0800a36c                USBD_FS_SerialStrDescriptor
 .text.USBD_FS_ConfigStrDescriptor
                0x0800a390       0x3c ./USB_DEVICE/App/usbd_desc.o
                0x0800a390                USBD_FS_ConfigStrDescriptor
 .text.USBD_FS_InterfaceStrDescriptor
                0x0800a3cc       0x3c ./USB_DEVICE/App/usbd_desc.o
                0x0800a3cc                USBD_FS_InterfaceStrDescriptor
 .text.Get_SerialNum
                0x0800a408       0x58 ./USB_DEVICE/App/usbd_desc.o
 .text.IntToUnicode
                0x0800a460       0x7e ./USB_DEVICE/App/usbd_desc.o
 *fill*         0x0800a4de        0x2 
 .text.HAL_PCD_MspInit
                0x0800a4e0       0xc4 ./USB_DEVICE/Target/usbd_conf.o
                0x0800a4e0                HAL_PCD_MspInit
 .text.HAL_PCD_SetupStageCallback
                0x0800a5a4       0x24 ./USB_DEVICE/Target/usbd_conf.o
                0x0800a5a4                HAL_PCD_SetupStageCallback
 .text.HAL_PCD_DataOutStageCallback
                0x0800a5c8       0x36 ./USB_DEVICE/Target/usbd_conf.o
                0x0800a5c8                HAL_PCD_DataOutStageCallback
 .text.HAL_PCD_DataInStageCallback
                0x0800a5fe       0x34 ./USB_DEVICE/Target/usbd_conf.o
                0x0800a5fe                HAL_PCD_DataInStageCallback
 .text.HAL_PCD_SOFCallback
                0x0800a632       0x1c ./USB_DEVICE/Target/usbd_conf.o
                0x0800a632                HAL_PCD_SOFCallback
 .text.HAL_PCD_ResetCallback
                0x0800a64e       0x3c ./USB_DEVICE/Target/usbd_conf.o
                0x0800a64e                HAL_PCD_ResetCallback
 *fill*         0x0800a68a        0x2 
 .text.HAL_PCD_SuspendCallback
                0x0800a68c       0x4c ./USB_DEVICE/Target/usbd_conf.o
                0x0800a68c                HAL_PCD_SuspendCallback
 .text.HAL_PCD_ResumeCallback
                0x0800a6d8       0x1c ./USB_DEVICE/Target/usbd_conf.o
                0x0800a6d8                HAL_PCD_ResumeCallback
 .text.HAL_PCD_ISOOUTIncompleteCallback
                0x0800a6f4       0x24 ./USB_DEVICE/Target/usbd_conf.o
                0x0800a6f4                HAL_PCD_ISOOUTIncompleteCallback
 .text.HAL_PCD_ISOINIncompleteCallback
                0x0800a718       0x24 ./USB_DEVICE/Target/usbd_conf.o
                0x0800a718                HAL_PCD_ISOINIncompleteCallback
 .text.HAL_PCD_ConnectCallback
                0x0800a73c       0x1c ./USB_DEVICE/Target/usbd_conf.o
                0x0800a73c                HAL_PCD_ConnectCallback
 .text.HAL_PCD_DisconnectCallback
                0x0800a758       0x1c ./USB_DEVICE/Target/usbd_conf.o
                0x0800a758                HAL_PCD_DisconnectCallback
 .text.USBD_LL_Init
                0x0800a774       0x98 ./USB_DEVICE/Target/usbd_conf.o
                0x0800a774                USBD_LL_Init
 .text.USBD_LL_Start
                0x0800a80c       0x36 ./USB_DEVICE/Target/usbd_conf.o
                0x0800a80c                USBD_LL_Start
 .text.USBD_LL_OpenEP
                0x0800a842       0x4c ./USB_DEVICE/Target/usbd_conf.o
                0x0800a842                USBD_LL_OpenEP
 .text.USBD_LL_CloseEP
                0x0800a88e       0x3e ./USB_DEVICE/Target/usbd_conf.o
                0x0800a88e                USBD_LL_CloseEP
 .text.USBD_LL_StallEP
                0x0800a8cc       0x3e ./USB_DEVICE/Target/usbd_conf.o
                0x0800a8cc                USBD_LL_StallEP
 .text.USBD_LL_ClearStallEP
                0x0800a90a       0x3e ./USB_DEVICE/Target/usbd_conf.o
                0x0800a90a                USBD_LL_ClearStallEP
 .text.USBD_LL_IsStallEP
                0x0800a948       0x58 ./USB_DEVICE/Target/usbd_conf.o
                0x0800a948                USBD_LL_IsStallEP
 .text.USBD_LL_SetUSBAddress
                0x0800a9a0       0x3e ./USB_DEVICE/Target/usbd_conf.o
                0x0800a9a0                USBD_LL_SetUSBAddress
 .text.USBD_LL_Transmit
                0x0800a9de       0x42 ./USB_DEVICE/Target/usbd_conf.o
                0x0800a9de                USBD_LL_Transmit
 .text.USBD_LL_PrepareReceive
                0x0800aa20       0x42 ./USB_DEVICE/Target/usbd_conf.o
                0x0800aa20                USBD_LL_PrepareReceive
 .text.USBD_LL_GetRxDataSize
                0x0800aa62       0x26 ./USB_DEVICE/Target/usbd_conf.o
                0x0800aa62                USBD_LL_GetRxDataSize
 .text.USBD_static_malloc
                0x0800aa88       0x1c ./USB_DEVICE/Target/usbd_conf.o
                0x0800aa88                USBD_static_malloc
 .text.USBD_static_free
                0x0800aaa4       0x14 ./USB_DEVICE/Target/usbd_conf.o
                0x0800aaa4                USBD_static_free
 .text.USBD_Get_USB_Status
                0x0800aab8       0x58 ./USB_DEVICE/Target/usbd_conf.o
                0x0800aab8                USBD_Get_USB_Status
 .text.accelerometer_motion_configure_activations
                0x0800ab10       0xf4 ./X-CUBE-AI/App/accelerometer_motion.o
 .text.accelerometer_motion_configure_weights
                0x0800ac04      0x130 ./X-CUBE-AI/App/accelerometer_motion.o
 .text.ai_accelerometer_motion_get_error
                0x0800ad34       0x18 ./X-CUBE-AI/App/accelerometer_motion.o
                0x0800ad34                ai_accelerometer_motion_get_error
 .text.ai_accelerometer_motion_create
                0x0800ad4c       0x2c ./X-CUBE-AI/App/accelerometer_motion.o
                0x0800ad4c                ai_accelerometer_motion_create
 .text.ai_accelerometer_motion_create_and_init
                0x0800ad78       0xfc ./X-CUBE-AI/App/accelerometer_motion.o
                0x0800ad78                ai_accelerometer_motion_create_and_init
 .text.ai_accelerometer_motion_inputs_get
                0x0800ae74       0x34 ./X-CUBE-AI/App/accelerometer_motion.o
                0x0800ae74                ai_accelerometer_motion_inputs_get
 .text.ai_accelerometer_motion_outputs_get
                0x0800aea8       0x34 ./X-CUBE-AI/App/accelerometer_motion.o
                0x0800aea8                ai_accelerometer_motion_outputs_get
 .text.ai_accelerometer_motion_init
                0x0800aedc       0x78 ./X-CUBE-AI/App/accelerometer_motion.o
                0x0800aedc                ai_accelerometer_motion_init
 .text.ai_accelerometer_motion_run
                0x0800af54       0x20 ./X-CUBE-AI/App/accelerometer_motion.o
                0x0800af54                ai_accelerometer_motion_run
 .text.ai_accelerometer_motion_data_params_get
                0x0800af74       0x50 ./X-CUBE-AI/App/accelerometer_motion_data.o
                0x0800af74                ai_accelerometer_motion_data_params_get
 .text.ai_buffer_get_size
                0x0800afc4       0x68 ../Middlewares/ST/AI/Lib\NetworkRuntime900_CM4_GCC.a(ai_platform.o)
                0x0800afc4                ai_buffer_get_size
 .text.ai_buffer_array_sane
                0x0800b02c       0x14 ../Middlewares/ST/AI/Lib\NetworkRuntime900_CM4_GCC.a(ai_platform.o)
                0x0800b02c                ai_buffer_array_sane
 .text.ai_buffer_array_item_set_address
                0x0800b040       0x20 ../Middlewares/ST/AI/Lib\NetworkRuntime900_CM4_GCC.a(ai_platform.o)
                0x0800b040                ai_buffer_array_item_set_address
 .text.ai_platform_get_weights_map
                0x0800b060       0xa8 ../Middlewares/ST/AI/Lib\NetworkRuntime900_CM4_GCC.a(ai_platform_interface.o)
                0x0800b060                ai_platform_get_weights_map
 .text.ai_platform_get_activations_map
                0x0800b108       0xa8 ../Middlewares/ST/AI/Lib\NetworkRuntime900_CM4_GCC.a(ai_platform_interface.o)
                0x0800b108                ai_platform_get_activations_map
 .text.ai_platform_bind_network_params
                0x0800b1b0       0x44 ../Middlewares/ST/AI/Lib\NetworkRuntime900_CM4_GCC.a(ai_platform_interface.o)
                0x0800b1b0                ai_platform_bind_network_params
 .text.ai_platform_network_get_error
                0x0800b1f4       0x18 ../Middlewares/ST/AI/Lib\NetworkRuntime900_CM4_GCC.a(ai_platform_interface.o)
                0x0800b1f4                ai_platform_network_get_error
 .text.ai_platform_network_set_error
                0x0800b20c        0xc ../Middlewares/ST/AI/Lib\NetworkRuntime900_CM4_GCC.a(ai_platform_interface.o)
                0x0800b20c                ai_platform_network_set_error
 .text.ai_platform_inputs_get
                0x0800b218       0xec ../Middlewares/ST/AI/Lib\NetworkRuntime900_CM4_GCC.a(ai_platform_interface.o)
                0x0800b218                ai_platform_inputs_get
 .text.ai_platform_outputs_get
                0x0800b304       0xe8 ../Middlewares/ST/AI/Lib\NetworkRuntime900_CM4_GCC.a(ai_platform_interface.o)
                0x0800b304                ai_platform_outputs_get
 .text.ai_platform_network_create
                0x0800b3ec       0x84 ../Middlewares/ST/AI/Lib\NetworkRuntime900_CM4_GCC.a(ai_platform_interface.o)
                0x0800b3ec                ai_platform_network_create
 .text.ai_platform_network_init
                0x0800b470      0x19c ../Middlewares/ST/AI/Lib\NetworkRuntime900_CM4_GCC.a(ai_platform_interface.o)
                0x0800b470                ai_platform_network_init
 .text.ai_platform_network_post_init
                0x0800b60c       0x60 ../Middlewares/ST/AI/Lib\NetworkRuntime900_CM4_GCC.a(ai_platform_interface.o)
                0x0800b60c                ai_platform_network_post_init
 .text.ai_platform_network_process
                0x0800b66c      0x480 ../Middlewares/ST/AI/Lib\NetworkRuntime900_CM4_GCC.a(ai_platform_interface.o)
                0x0800b66c                ai_platform_network_process
 .text.core_init
                0x0800baec        0x4 ../Middlewares/ST/AI/Lib\NetworkRuntime900_CM4_GCC.a(core_common.o)
                0x0800baec                core_init
 .text.core_get_error
                0x0800baf0        0xc ../Middlewares/ST/AI/Lib\NetworkRuntime900_CM4_GCC.a(core_common.o)
                0x0800baf0                core_get_error
 .text.core_set_error
                0x0800bafc       0x18 ../Middlewares/ST/AI/Lib\NetworkRuntime900_CM4_GCC.a(core_common.o)
                0x0800bafc                core_set_error
 .text.ai_check_custom_types
                0x0800bb14       0x54 ../Middlewares/ST/AI/Lib\NetworkRuntime900_CM4_GCC.a(layers.o)
                0x0800bb14                ai_check_custom_types
 .text.ai_layers_init_all
                0x0800bb68       0x1c ../Middlewares/ST/AI/Lib\NetworkRuntime900_CM4_GCC.a(layers.o)
                0x0800bb68                ai_layers_init_all
 .text.ai_layers_post_init_all
                0x0800bb84       0x28 ../Middlewares/ST/AI/Lib\NetworkRuntime900_CM4_GCC.a(layers.o)
                0x0800bb84                ai_layers_post_init_all
 .text.ai_layers_forward_all
                0x0800bbac       0x94 ../Middlewares/ST/AI/Lib\NetworkRuntime900_CM4_GCC.a(layers.o)
                0x0800bbac                ai_layers_forward_all
 .text.forward_conv2d_if32of32wf32
                0x0800bc40      0x278 ../Middlewares/ST/AI/Lib\NetworkRuntime900_CM4_GCC.a(layers_conv2d_generic_float.o)
                0x0800bc40                forward_conv2d_if32of32wf32
 .text.forward_dense
                0x0800beb8      0x3e0 ../Middlewares/ST/AI/Lib\NetworkRuntime900_CM4_GCC.a(layers_conv2d_generic_float.o)
                0x0800beb8                forward_dense
 .text.forward_sigmoid
                0x0800c298       0x94 ../Middlewares/ST/AI/Lib\NetworkRuntime900_CM4_GCC.a(layers_nl_generic_float.o)
                0x0800c298                forward_sigmoid
 .text.forward_relu
                0x0800c32c      0x138 ../Middlewares/ST/AI/Lib\NetworkRuntime900_CM4_GCC.a(layers_nl_generic_float.o)
                0x0800c32c                forward_relu
 .text.forward_mp
                0x0800c464      0x1a4 ../Middlewares/ST/AI/Lib\NetworkRuntime900_CM4_GCC.a(layers_pool_generic_float.o)
                0x0800c464                forward_mp
 .text.ai_conv2d_kernel_simple_opt_f32.constprop.0
                0x0800c608      0x220 ../Middlewares/ST/AI/Lib\NetworkRuntime900_CM4_GCC.a(forward_lite_conv2d_if32of32wf32.o)
 .text.forward_lite_conv2d_if32of32wf32
                0x0800c828      0x2c0 ../Middlewares/ST/AI/Lib\NetworkRuntime900_CM4_GCC.a(forward_lite_conv2d_if32of32wf32.o)
                0x0800c828                forward_lite_conv2d_if32of32wf32
 .text.forward_lite_nl_relu_generic_if32of32_kernel
                0x0800cae8       0xfc ../Middlewares/ST/AI/Lib\NetworkRuntime900_CM4_GCC.a(lite_nl_relu_if32of32.o)
                0x0800cae8                forward_lite_nl_relu_generic_if32of32_kernel
 .text.forward_lite_dense_if32of32wf32
                0x0800cbe4      0x2b4 ../Middlewares/ST/AI/Lib\NetworkRuntime900_CM4_GCC.a(lite_dense_if32.o)
                0x0800cbe4                forward_lite_dense_if32of32wf32
 .text.st_int8_copy
                0x0800ce98      0x10c ../Middlewares/ST/AI/Lib\NetworkRuntime900_CM4_GCC.a(st_int8_fill.o)
                0x0800ce98                st_int8_copy
 .text.ai_array_to_buffer_fmt
                0x0800cfa4       0xe0 ../Middlewares/ST/AI/Lib\NetworkRuntime900_CM4_GCC.a(ai_datatypes_format.o)
                0x0800cfa4                ai_array_to_buffer_fmt
 .text.ai_array_get_byte_size
                0x0800d084       0x50 ../Middlewares/ST/AI/Lib\NetworkRuntime900_CM4_GCC.a(ai_datatypes_format.o)
                0x0800d084                ai_array_get_byte_size
 .text.ai_array_get_data_byte_size
                0x0800d0d4       0x24 ../Middlewares/ST/AI/Lib\NetworkRuntime900_CM4_GCC.a(ai_datatypes_format.o)
                0x0800d0d4                ai_array_get_data_byte_size
 .text.ai_version_get
                0x0800d0f8        0xc ../Middlewares/ST/AI/Lib\NetworkRuntime900_CM4_GCC.a(ai_datatypes_internal.o)
                0x0800d0f8                ai_version_get
 .text.get_tensor_byte_size
                0x0800d104       0x30 ../Middlewares/ST/AI/Lib\NetworkRuntime900_CM4_GCC.a(ai_datatypes_internal.o)
                0x0800d104                get_tensor_byte_size
 .text.malloc   0x0800d134       0x10 C:/ST/STM32CubeIDE_1.3.0/STM32CubeIDE/plugins/com.st.stm32cube.ide.mcu.externaltools.gnu-tools-for-stm32.12.3.rel1.win32_1.0.200.202406191623/tools/bin/../lib/gcc/arm-none-eabi/12.3.1/../../../../arm-none-eabi/lib/thumb/v7e-m+fp/hard\libc_nano.a(libc_a-malloc.o)
                0x0800d134                malloc
 .text.sbrk_aligned
                0x0800d144       0x44 C:/ST/STM32CubeIDE_1.3.0/STM32CubeIDE/plugins/com.st.stm32cube.ide.mcu.externaltools.gnu-tools-for-stm32.12.3.rel1.win32_1.0.200.202406191623/tools/bin/../lib/gcc/arm-none-eabi/12.3.1/../../../../arm-none-eabi/lib/thumb/v7e-m+fp/hard\libc_nano.a(libc_a-mallocr.o)
 .text._malloc_r
                0x0800d188      0x100 C:/ST/STM32CubeIDE_1.3.0/STM32CubeIDE/plugins/com.st.stm32cube.ide.mcu.externaltools.gnu-tools-for-stm32.12.3.rel1.win32_1.0.200.202406191623/tools/bin/../lib/gcc/arm-none-eabi/12.3.1/../../../../arm-none-eabi/lib/thumb/v7e-m+fp/hard\libc_nano.a(libc_a-mallocr.o)
                0x0800d188                _malloc_r
 .text.__malloc_lock
                0x0800d288        0xc C:/ST/STM32CubeIDE_1.3.0/STM32CubeIDE/plugins/com.st.stm32cube.ide.mcu.externaltools.gnu-tools-for-stm32.12.3.rel1.win32_1.0.200.202406191623/tools/bin/../lib/gcc/arm-none-eabi/12.3.1/../../../../arm-none-eabi/lib/thumb/v7e-m+fp/hard\libc_nano.a(libc_a-mlock.o)
                0x0800d288                __malloc_lock
 .text.__malloc_unlock
                0x0800d294        0xc C:/ST/STM32CubeIDE_1.3.0/STM32CubeIDE/plugins/com.st.stm32cube.ide.mcu.externaltools.gnu-tools-for-stm32.12.3.rel1.win32_1.0.200.202406191623/tools/bin/../lib/gcc/arm-none-eabi/12.3.1/../../../../arm-none-eabi/lib/thumb/v7e-m+fp/hard\libc_nano.a(libc_a-mlock.o)
                0x0800d294                __malloc_unlock
 .text._realloc_r
                0x0800d2a0       0x5c C:/ST/STM32CubeIDE_1.3.0/STM32CubeIDE/plugins/com.st.stm32cube.ide.mcu.externaltools.gnu-tools-for-stm32.12.3.rel1.win32_1.0.200.202406191623/tools/bin/../lib/gcc/arm-none-eabi/12.3.1/../../../../arm-none-eabi/lib/thumb/v7e-m+fp/hard\libc_nano.a(libc_a-reallocr.o)
                0x0800d2a0                _realloc_r
 .text.__cvt    0x0800d2fc       0xca C:/ST/STM32CubeIDE_1.3.0/STM32CubeIDE/plugins/com.st.stm32cube.ide.mcu.externaltools.gnu-tools-for-stm32.12.3.rel1.win32_1.0.200.202406191623/tools/bin/../lib/gcc/arm-none-eabi/12.3.1/../../../../arm-none-eabi/lib/thumb/v7e-m+fp/hard\libc_nano.a(libc_a-nano-vfprintf_float.o)
                0x0800d2fc                __cvt
 .text.__exponent
                0x0800d3c6       0x74 C:/ST/STM32CubeIDE_1.3.0/STM32CubeIDE/plugins/com.st.stm32cube.ide.mcu.externaltools.gnu-tools-for-stm32.12.3.rel1.win32_1.0.200.202406191623/tools/bin/../lib/gcc/arm-none-eabi/12.3.1/../../../../arm-none-eabi/lib/thumb/v7e-m+fp/hard\libc_nano.a(libc_a-nano-vfprintf_float.o)
                0x0800d3c6                __exponent
 *fill*         0x0800d43a        0x2 
 .text._printf_float
                0x0800d43c      0x454 C:/ST/STM32CubeIDE_1.3.0/STM32CubeIDE/plugins/com.st.stm32cube.ide.mcu.externaltools.gnu-tools-for-stm32.12.3.rel1.win32_1.0.200.202406191623/tools/bin/../lib/gcc/arm-none-eabi/12.3.1/../../../../arm-none-eabi/lib/thumb/v7e-m+fp/hard\libc_nano.a(libc_a-nano-vfprintf_float.o)
                0x0800d43c                _printf_float
 .text._printf_common
                0x0800d890       0xda C:/ST/STM32CubeIDE_1.3.0/STM32CubeIDE/plugins/com.st.stm32cube.ide.mcu.externaltools.gnu-tools-for-stm32.12.3.rel1.win32_1.0.200.202406191623/tools/bin/../lib/gcc/arm-none-eabi/12.3.1/../../../../arm-none-eabi/lib/thumb/v7e-m+fp/hard\libc_nano.a(libc_a-nano-vfprintf_i.o)
                0x0800d890                _printf_common
 *fill*         0x0800d96a        0x2 
 .text._printf_i
                0x0800d96c      0x240 C:/ST/STM32CubeIDE_1.3.0/STM32CubeIDE/plugins/com.st.stm32cube.ide.mcu.externaltools.gnu-tools-for-stm32.12.3.rel1.win32_1.0.200.202406191623/tools/bin/../lib/gcc/arm-none-eabi/12.3.1/../../../../arm-none-eabi/lib/thumb/v7e-m+fp/hard\libc_nano.a(libc_a-nano-vfprintf_i.o)
                0x0800d96c                _printf_i
 .text.std      0x0800dbac       0x6c C:/ST/STM32CubeIDE_1.3.0/STM32CubeIDE/plugins/com.st.stm32cube.ide.mcu.externaltools.gnu-tools-for-stm32.12.3.rel1.win32_1.0.200.202406191623/tools/bin/../lib/gcc/arm-none-eabi/12.3.1/../../../../arm-none-eabi/lib/thumb/v7e-m+fp/hard\libc_nano.a(libc_a-findfp.o)
 .text.stdio_exit_handler
                0x0800dc18       0x18 C:/ST/STM32CubeIDE_1.3.0/STM32CubeIDE/plugins/com.st.stm32cube.ide.mcu.externaltools.gnu-tools-for-stm32.12.3.rel1.win32_1.0.200.202406191623/tools/bin/../lib/gcc/arm-none-eabi/12.3.1/../../../../arm-none-eabi/lib/thumb/v7e-m+fp/hard\libc_nano.a(libc_a-findfp.o)
 .text.cleanup_stdio
                0x0800dc30       0x40 C:/ST/STM32CubeIDE_1.3.0/STM32CubeIDE/plugins/com.st.stm32cube.ide.mcu.externaltools.gnu-tools-for-stm32.12.3.rel1.win32_1.0.200.202406191623/tools/bin/../lib/gcc/arm-none-eabi/12.3.1/../../../../arm-none-eabi/lib/thumb/v7e-m+fp/hard\libc_nano.a(libc_a-findfp.o)
 .text.global_stdio_init.part.0
                0x0800dc70       0x3c C:/ST/STM32CubeIDE_1.3.0/STM32CubeIDE/plugins/com.st.stm32cube.ide.mcu.externaltools.gnu-tools-for-stm32.12.3.rel1.win32_1.0.200.202406191623/tools/bin/../lib/gcc/arm-none-eabi/12.3.1/../../../../arm-none-eabi/lib/thumb/v7e-m+fp/hard\libc_nano.a(libc_a-findfp.o)
 .text.__sfp_lock_acquire
                0x0800dcac        0xc C:/ST/STM32CubeIDE_1.3.0/STM32CubeIDE/plugins/com.st.stm32cube.ide.mcu.externaltools.gnu-tools-for-stm32.12.3.rel1.win32_1.0.200.202406191623/tools/bin/../lib/gcc/arm-none-eabi/12.3.1/../../../../arm-none-eabi/lib/thumb/v7e-m+fp/hard\libc_nano.a(libc_a-findfp.o)
                0x0800dcac                __sfp_lock_acquire
 .text.__sfp_lock_release
                0x0800dcb8        0xc C:/ST/STM32CubeIDE_1.3.0/STM32CubeIDE/plugins/com.st.stm32cube.ide.mcu.externaltools.gnu-tools-for-stm32.12.3.rel1.win32_1.0.200.202406191623/tools/bin/../lib/gcc/arm-none-eabi/12.3.1/../../../../arm-none-eabi/lib/thumb/v7e-m+fp/hard\libc_nano.a(libc_a-findfp.o)
                0x0800dcb8                __sfp_lock_release
 .text.__sinit  0x0800dcc4       0x30 C:/ST/STM32CubeIDE_1.3.0/STM32CubeIDE/plugins/com.st.stm32cube.ide.mcu.externaltools.gnu-tools-for-stm32.12.3.rel1.win32_1.0.200.202406191623/tools/bin/../lib/gcc/arm-none-eabi/12.3.1/../../../../arm-none-eabi/lib/thumb/v7e-m+fp/hard\libc_nano.a(libc_a-findfp.o)
                0x0800dcc4                __sinit
 .text._fwalk_sglue
                0x0800dcf4       0x3c C:/ST/STM32CubeIDE_1.3.0/STM32CubeIDE/plugins/com.st.stm32cube.ide.mcu.externaltools.gnu-tools-for-stm32.12.3.rel1.win32_1.0.200.202406191623/tools/bin/../lib/gcc/arm-none-eabi/12.3.1/../../../../arm-none-eabi/lib/thumb/v7e-m+fp/hard\libc_nano.a(libc_a-fwalk.o)
                0x0800dcf4                _fwalk_sglue
 .text.printf   0x0800dd30       0x24 C:/ST/STM32CubeIDE_1.3.0/STM32CubeIDE/plugins/com.st.stm32cube.ide.mcu.externaltools.gnu-tools-for-stm32.12.3.rel1.win32_1.0.200.202406191623/tools/bin/../lib/gcc/arm-none-eabi/12.3.1/../../../../arm-none-eabi/lib/thumb/v7e-m+fp/hard\libc_nano.a(libc_a-printf.o)
                0x0800dd30                iprintf
                0x0800dd30                printf
 .text._puts_r  0x0800dd54       0xaa C:/ST/STM32CubeIDE_1.3.0/STM32CubeIDE/plugins/com.st.stm32cube.ide.mcu.externaltools.gnu-tools-for-stm32.12.3.rel1.win32_1.0.200.202406191623/tools/bin/../lib/gcc/arm-none-eabi/12.3.1/../../../../arm-none-eabi/lib/thumb/v7e-m+fp/hard\libc_nano.a(libc_a-puts.o)
                0x0800dd54                _puts_r
 *fill*         0x0800ddfe        0x2 
 .text.puts     0x0800de00       0x10 C:/ST/STM32CubeIDE_1.3.0/STM32CubeIDE/plugins/com.st.stm32cube.ide.mcu.externaltools.gnu-tools-for-stm32.12.3.rel1.win32_1.0.200.202406191623/tools/bin/../lib/gcc/arm-none-eabi/12.3.1/../../../../arm-none-eabi/lib/thumb/v7e-m+fp/hard\libc_nano.a(libc_a-puts.o)
                0x0800de00                puts
 .text.sprintf  0x0800de10       0x40 C:/ST/STM32CubeIDE_1.3.0/STM32CubeIDE/plugins/com.st.stm32cube.ide.mcu.externaltools.gnu-tools-for-stm32.12.3.rel1.win32_1.0.200.202406191623/tools/bin/../lib/gcc/arm-none-eabi/12.3.1/../../../../arm-none-eabi/lib/thumb/v7e-m+fp/hard\libc_nano.a(libc_a-sprintf.o)
                0x0800de10                siprintf
                0x0800de10                sprintf
 .text.__sread  0x0800de50       0x22 C:/ST/STM32CubeIDE_1.3.0/STM32CubeIDE/plugins/com.st.stm32cube.ide.mcu.externaltools.gnu-tools-for-stm32.12.3.rel1.win32_1.0.200.202406191623/tools/bin/../lib/gcc/arm-none-eabi/12.3.1/../../../../arm-none-eabi/lib/thumb/v7e-m+fp/hard\libc_nano.a(libc_a-stdio.o)
                0x0800de50                __sread
 .text.__swrite
                0x0800de72       0x38 C:/ST/STM32CubeIDE_1.3.0/STM32CubeIDE/plugins/com.st.stm32cube.ide.mcu.externaltools.gnu-tools-for-stm32.12.3.rel1.win32_1.0.200.202406191623/tools/bin/../lib/gcc/arm-none-eabi/12.3.1/../../../../arm-none-eabi/lib/thumb/v7e-m+fp/hard\libc_nano.a(libc_a-stdio.o)
                0x0800de72                __swrite
 .text.__sseek  0x0800deaa       0x24 C:/ST/STM32CubeIDE_1.3.0/STM32CubeIDE/plugins/com.st.stm32cube.ide.mcu.externaltools.gnu-tools-for-stm32.12.3.rel1.win32_1.0.200.202406191623/tools/bin/../lib/gcc/arm-none-eabi/12.3.1/../../../../arm-none-eabi/lib/thumb/v7e-m+fp/hard\libc_nano.a(libc_a-stdio.o)
                0x0800deaa                __sseek
 .text.__sclose
                0x0800dece        0x8 C:/ST/STM32CubeIDE_1.3.0/STM32CubeIDE/plugins/com.st.stm32cube.ide.mcu.externaltools.gnu-tools-for-stm32.12.3.rel1.win32_1.0.200.202406191623/tools/bin/../lib/gcc/arm-none-eabi/12.3.1/../../../../arm-none-eabi/lib/thumb/v7e-m+fp/hard\libc_nano.a(libc_a-stdio.o)
                0x0800dece                __sclose
 .text.__swbuf_r
                0x0800ded6       0x7c C:/ST/STM32CubeIDE_1.3.0/STM32CubeIDE/plugins/com.st.stm32cube.ide.mcu.externaltools.gnu-tools-for-stm32.12.3.rel1.win32_1.0.200.202406191623/tools/bin/../lib/gcc/arm-none-eabi/12.3.1/../../../../arm-none-eabi/lib/thumb/v7e-m+fp/hard\libc_nano.a(libc_a-wbuf.o)
                0x0800ded6                __swbuf_r
 *fill*         0x0800df52        0x2 
 .text.__swsetup_r
                0x0800df54       0xac C:/ST/STM32CubeIDE_1.3.0/STM32CubeIDE/plugins/com.st.stm32cube.ide.mcu.externaltools.gnu-tools-for-stm32.12.3.rel1.win32_1.0.200.202406191623/tools/bin/../lib/gcc/arm-none-eabi/12.3.1/../../../../arm-none-eabi/lib/thumb/v7e-m+fp/hard\libc_nano.a(libc_a-wsetup.o)
                0x0800df54                __swsetup_r
 .text.memset   0x0800e000       0x10 C:/ST/STM32CubeIDE_1.3.0/STM32CubeIDE/plugins/com.st.stm32cube.ide.mcu.externaltools.gnu-tools-for-stm32.12.3.rel1.win32_1.0.200.202406191623/tools/bin/../lib/gcc/arm-none-eabi/12.3.1/../../../../arm-none-eabi/lib/thumb/v7e-m+fp/hard\libc_nano.a(libc_a-memset.o)
                0x0800e000                memset
 .text._localeconv_r
                0x0800e010        0x8 C:/ST/STM32CubeIDE_1.3.0/STM32CubeIDE/plugins/com.st.stm32cube.ide.mcu.externaltools.gnu-tools-for-stm32.12.3.rel1.win32_1.0.200.202406191623/tools/bin/../lib/gcc/arm-none-eabi/12.3.1/../../../../arm-none-eabi/lib/thumb/v7e-m+fp/hard\libc_nano.a(libc_a-localeconv.o)
                0x0800e010                _localeconv_r
 .text._close_r
                0x0800e018       0x20 C:/ST/STM32CubeIDE_1.3.0/STM32CubeIDE/plugins/com.st.stm32cube.ide.mcu.externaltools.gnu-tools-for-stm32.12.3.rel1.win32_1.0.200.202406191623/tools/bin/../lib/gcc/arm-none-eabi/12.3.1/../../../../arm-none-eabi/lib/thumb/v7e-m+fp/hard\libc_nano.a(libc_a-closer.o)
                0x0800e018                _close_r
 .text._lseek_r
                0x0800e038       0x24 C:/ST/STM32CubeIDE_1.3.0/STM32CubeIDE/plugins/com.st.stm32cube.ide.mcu.externaltools.gnu-tools-for-stm32.12.3.rel1.win32_1.0.200.202406191623/tools/bin/../lib/gcc/arm-none-eabi/12.3.1/../../../../arm-none-eabi/lib/thumb/v7e-m+fp/hard\libc_nano.a(libc_a-lseekr.o)
                0x0800e038                _lseek_r
 .text._read_r  0x0800e05c       0x24 C:/ST/STM32CubeIDE_1.3.0/STM32CubeIDE/plugins/com.st.stm32cube.ide.mcu.externaltools.gnu-tools-for-stm32.12.3.rel1.win32_1.0.200.202406191623/tools/bin/../lib/gcc/arm-none-eabi/12.3.1/../../../../arm-none-eabi/lib/thumb/v7e-m+fp/hard\libc_nano.a(libc_a-readr.o)
                0x0800e05c                _read_r
 .text._sbrk_r  0x0800e080       0x20 C:/ST/STM32CubeIDE_1.3.0/STM32CubeIDE/plugins/com.st.stm32cube.ide.mcu.externaltools.gnu-tools-for-stm32.12.3.rel1.win32_1.0.200.202406191623/tools/bin/../lib/gcc/arm-none-eabi/12.3.1/../../../../arm-none-eabi/lib/thumb/v7e-m+fp/hard\libc_nano.a(libc_a-sbrkr.o)
                0x0800e080                _sbrk_r
 .text._write_r
                0x0800e0a0       0x24 C:/ST/STM32CubeIDE_1.3.0/STM32CubeIDE/plugins/com.st.stm32cube.ide.mcu.externaltools.gnu-tools-for-stm32.12.3.rel1.win32_1.0.200.202406191623/tools/bin/../lib/gcc/arm-none-eabi/12.3.1/../../../../arm-none-eabi/lib/thumb/v7e-m+fp/hard\libc_nano.a(libc_a-writer.o)
                0x0800e0a0                _write_r
 .text.__errno  0x0800e0c4        0xc C:/ST/STM32CubeIDE_1.3.0/STM32CubeIDE/plugins/com.st.stm32cube.ide.mcu.externaltools.gnu-tools-for-stm32.12.3.rel1.win32_1.0.200.202406191623/tools/bin/../lib/gcc/arm-none-eabi/12.3.1/../../../../arm-none-eabi/lib/thumb/v7e-m+fp/hard\libc_nano.a(libc_a-errno.o)
                0x0800e0c4                __errno
 .text.__libc_init_array
                0x0800e0d0       0x48 C:/ST/STM32CubeIDE_1.3.0/STM32CubeIDE/plugins/com.st.stm32cube.ide.mcu.externaltools.gnu-tools-for-stm32.12.3.rel1.win32_1.0.200.202406191623/tools/bin/../lib/gcc/arm-none-eabi/12.3.1/../../../../arm-none-eabi/lib/thumb/v7e-m+fp/hard\libc_nano.a(libc_a-init.o)
                0x0800e0d0                __libc_init_array
 .text.__retarget_lock_init_recursive
                0x0800e118        0x2 C:/ST/STM32CubeIDE_1.3.0/STM32CubeIDE/plugins/com.st.stm32cube.ide.mcu.externaltools.gnu-tools-for-stm32.12.3.rel1.win32_1.0.200.202406191623/tools/bin/../lib/gcc/arm-none-eabi/12.3.1/../../../../arm-none-eabi/lib/thumb/v7e-m+fp/hard\libc_nano.a(libc_a-lock.o)
                0x0800e118                __retarget_lock_init_recursive
 .text.__retarget_lock_acquire_recursive
                0x0800e11a        0x2 C:/ST/STM32CubeIDE_1.3.0/STM32CubeIDE/plugins/com.st.stm32cube.ide.mcu.externaltools.gnu-tools-for-stm32.12.3.rel1.win32_1.0.200.202406191623/tools/bin/../lib/gcc/arm-none-eabi/12.3.1/../../../../arm-none-eabi/lib/thumb/v7e-m+fp/hard\libc_nano.a(libc_a-lock.o)
                0x0800e11a                __retarget_lock_acquire_recursive
 .text.__retarget_lock_release_recursive
                0x0800e11c        0x2 C:/ST/STM32CubeIDE_1.3.0/STM32CubeIDE/plugins/com.st.stm32cube.ide.mcu.externaltools.gnu-tools-for-stm32.12.3.rel1.win32_1.0.200.202406191623/tools/bin/../lib/gcc/arm-none-eabi/12.3.1/../../../../arm-none-eabi/lib/thumb/v7e-m+fp/hard\libc_nano.a(libc_a-lock.o)
                0x0800e11c                __retarget_lock_release_recursive
 .text.memcpy   0x0800e11e       0x1c C:/ST/STM32CubeIDE_1.3.0/STM32CubeIDE/plugins/com.st.stm32cube.ide.mcu.externaltools.gnu-tools-for-stm32.12.3.rel1.win32_1.0.200.202406191623/tools/bin/../lib/gcc/arm-none-eabi/12.3.1/../../../../arm-none-eabi/lib/thumb/v7e-m+fp/hard\libc_nano.a(libc_a-memcpy-stub.o)
                0x0800e11e                memcpy
 .text.quorem   0x0800e13a      0x110 C:/ST/STM32CubeIDE_1.3.0/STM32CubeIDE/plugins/com.st.stm32cube.ide.mcu.externaltools.gnu-tools-for-stm32.12.3.rel1.win32_1.0.200.202406191623/tools/bin/../lib/gcc/arm-none-eabi/12.3.1/../../../../arm-none-eabi/lib/thumb/v7e-m+fp/hard\libc_nano.a(libc_a-dtoa.o)
 *fill*         0x0800e24a        0x6 
 .text._dtoa_r  0x0800e250      0xb88 C:/ST/STM32CubeIDE_1.3.0/STM32CubeIDE/plugins/com.st.stm32cube.ide.mcu.externaltools.gnu-tools-for-stm32.12.3.rel1.win32_1.0.200.202406191623/tools/bin/../lib/gcc/arm-none-eabi/12.3.1/../../../../arm-none-eabi/lib/thumb/v7e-m+fp/hard\libc_nano.a(libc_a-dtoa.o)
                0x0800e250                _dtoa_r
 .text._free_r  0x0800edd8       0x94 C:/ST/STM32CubeIDE_1.3.0/STM32CubeIDE/plugins/com.st.stm32cube.ide.mcu.externaltools.gnu-tools-for-stm32.12.3.rel1.win32_1.0.200.202406191623/tools/bin/../lib/gcc/arm-none-eabi/12.3.1/../../../../arm-none-eabi/lib/thumb/v7e-m+fp/hard\libc_nano.a(libc_a-freer.o)
                0x0800edd8                _free_r
 .text._Balloc  0x0800ee6c       0x80 C:/ST/STM32CubeIDE_1.3.0/STM32CubeIDE/plugins/com.st.stm32cube.ide.mcu.externaltools.gnu-tools-for-stm32.12.3.rel1.win32_1.0.200.202406191623/tools/bin/../lib/gcc/arm-none-eabi/12.3.1/../../../../arm-none-eabi/lib/thumb/v7e-m+fp/hard\libc_nano.a(libc_a-mprec.o)
                0x0800ee6c                _Balloc
 .text._Bfree   0x0800eeec       0x44 C:/ST/STM32CubeIDE_1.3.0/STM32CubeIDE/plugins/com.st.stm32cube.ide.mcu.externaltools.gnu-tools-for-stm32.12.3.rel1.win32_1.0.200.202406191623/tools/bin/../lib/gcc/arm-none-eabi/12.3.1/../../../../arm-none-eabi/lib/thumb/v7e-m+fp/hard\libc_nano.a(libc_a-mprec.o)
                0x0800eeec                _Bfree
 .text.__multadd
                0x0800ef30       0x8c C:/ST/STM32CubeIDE_1.3.0/STM32CubeIDE/plugins/com.st.stm32cube.ide.mcu.externaltools.gnu-tools-for-stm32.12.3.rel1.win32_1.0.200.202406191623/tools/bin/../lib/gcc/arm-none-eabi/12.3.1/../../../../arm-none-eabi/lib/thumb/v7e-m+fp/hard\libc_nano.a(libc_a-mprec.o)
                0x0800ef30                __multadd
 .text.__hi0bits
                0x0800efbc       0x3e C:/ST/STM32CubeIDE_1.3.0/STM32CubeIDE/plugins/com.st.stm32cube.ide.mcu.externaltools.gnu-tools-for-stm32.12.3.rel1.win32_1.0.200.202406191623/tools/bin/../lib/gcc/arm-none-eabi/12.3.1/../../../../arm-none-eabi/lib/thumb/v7e-m+fp/hard\libc_nano.a(libc_a-mprec.o)
                0x0800efbc                __hi0bits
 .text.__lo0bits
                0x0800effa       0x5a C:/ST/STM32CubeIDE_1.3.0/STM32CubeIDE/plugins/com.st.stm32cube.ide.mcu.externaltools.gnu-tools-for-stm32.12.3.rel1.win32_1.0.200.202406191623/tools/bin/../lib/gcc/arm-none-eabi/12.3.1/../../../../arm-none-eabi/lib/thumb/v7e-m+fp/hard\libc_nano.a(libc_a-mprec.o)
                0x0800effa                __lo0bits
 .text.__i2b    0x0800f054       0x2c C:/ST/STM32CubeIDE_1.3.0/STM32CubeIDE/plugins/com.st.stm32cube.ide.mcu.externaltools.gnu-tools-for-stm32.12.3.rel1.win32_1.0.200.202406191623/tools/bin/../lib/gcc/arm-none-eabi/12.3.1/../../../../arm-none-eabi/lib/thumb/v7e-m+fp/hard\libc_nano.a(libc_a-mprec.o)
                0x0800f054                __i2b
 .text.__multiply
                0x0800f080      0x154 C:/ST/STM32CubeIDE_1.3.0/STM32CubeIDE/plugins/com.st.stm32cube.ide.mcu.externaltools.gnu-tools-for-stm32.12.3.rel1.win32_1.0.200.202406191623/tools/bin/../lib/gcc/arm-none-eabi/12.3.1/../../../../arm-none-eabi/lib/thumb/v7e-m+fp/hard\libc_nano.a(libc_a-mprec.o)
                0x0800f080                __multiply
 .text.__pow5mult
                0x0800f1d4       0xb4 C:/ST/STM32CubeIDE_1.3.0/STM32CubeIDE/plugins/com.st.stm32cube.ide.mcu.externaltools.gnu-tools-for-stm32.12.3.rel1.win32_1.0.200.202406191623/tools/bin/../lib/gcc/arm-none-eabi/12.3.1/../../../../arm-none-eabi/lib/thumb/v7e-m+fp/hard\libc_nano.a(libc_a-mprec.o)
                0x0800f1d4                __pow5mult
 .text.__lshift
                0x0800f288       0xd8 C:/ST/STM32CubeIDE_1.3.0/STM32CubeIDE/plugins/com.st.stm32cube.ide.mcu.externaltools.gnu-tools-for-stm32.12.3.rel1.win32_1.0.200.202406191623/tools/bin/../lib/gcc/arm-none-eabi/12.3.1/../../../../arm-none-eabi/lib/thumb/v7e-m+fp/hard\libc_nano.a(libc_a-mprec.o)
                0x0800f288                __lshift
 .text.__mcmp   0x0800f360       0x36 C:/ST/STM32CubeIDE_1.3.0/STM32CubeIDE/plugins/com.st.stm32cube.ide.mcu.externaltools.gnu-tools-for-stm32.12.3.rel1.win32_1.0.200.202406191623/tools/bin/../lib/gcc/arm-none-eabi/12.3.1/../../../../arm-none-eabi/lib/thumb/v7e-m+fp/hard\libc_nano.a(libc_a-mprec.o)
                0x0800f360                __mcmp
 *fill*         0x0800f396        0x2 
 .text.__mdiff  0x0800f398      0x128 C:/ST/STM32CubeIDE_1.3.0/STM32CubeIDE/plugins/com.st.stm32cube.ide.mcu.externaltools.gnu-tools-for-stm32.12.3.rel1.win32_1.0.200.202406191623/tools/bin/../lib/gcc/arm-none-eabi/12.3.1/../../../../arm-none-eabi/lib/thumb/v7e-m+fp/hard\libc_nano.a(libc_a-mprec.o)
                0x0800f398                __mdiff
 .text.__d2b    0x0800f4c0       0xb0 C:/ST/STM32CubeIDE_1.3.0/STM32CubeIDE/plugins/com.st.stm32cube.ide.mcu.externaltools.gnu-tools-for-stm32.12.3.rel1.win32_1.0.200.202406191623/tools/bin/../lib/gcc/arm-none-eabi/12.3.1/../../../../arm-none-eabi/lib/thumb/v7e-m+fp/hard\libc_nano.a(libc_a-mprec.o)
                0x0800f4c0                __d2b
 .text._malloc_usable_size_r
                0x0800f570       0x10 C:/ST/STM32CubeIDE_1.3.0/STM32CubeIDE/plugins/com.st.stm32cube.ide.mcu.externaltools.gnu-tools-for-stm32.12.3.rel1.win32_1.0.200.202406191623/tools/bin/../lib/gcc/arm-none-eabi/12.3.1/../../../../arm-none-eabi/lib/thumb/v7e-m+fp/hard\libc_nano.a(libc_a-msizer.o)
                0x0800f570                _malloc_usable_size_r
 .text.__ssputs_r
                0x0800f580       0xb6 C:/ST/STM32CubeIDE_1.3.0/STM32CubeIDE/plugins/com.st.stm32cube.ide.mcu.externaltools.gnu-tools-for-stm32.12.3.rel1.win32_1.0.200.202406191623/tools/bin/../lib/gcc/arm-none-eabi/12.3.1/../../../../arm-none-eabi/lib/thumb/v7e-m+fp/hard\libc_nano.a(libc_a-nano-svfprintf.o)
                0x0800f580                __ssputs_r
 *fill*         0x0800f636        0x2 
 .text._svfprintf_r
                0x0800f638      0x1f8 C:/ST/STM32CubeIDE_1.3.0/STM32CubeIDE/plugins/com.st.stm32cube.ide.mcu.externaltools.gnu-tools-for-stm32.12.3.rel1.win32_1.0.200.202406191623/tools/bin/../lib/gcc/arm-none-eabi/12.3.1/../../../../arm-none-eabi/lib/thumb/v7e-m+fp/hard\libc_nano.a(libc_a-nano-svfprintf.o)
                0x0800f638                _svfiprintf_r
                0x0800f638                _svfprintf_r
 .text.__sfputc_r
                0x0800f830       0x2e C:/ST/STM32CubeIDE_1.3.0/STM32CubeIDE/plugins/com.st.stm32cube.ide.mcu.externaltools.gnu-tools-for-stm32.12.3.rel1.win32_1.0.200.202406191623/tools/bin/../lib/gcc/arm-none-eabi/12.3.1/../../../../arm-none-eabi/lib/thumb/v7e-m+fp/hard\libc_nano.a(libc_a-nano-vfprintf.o)
 .text.__sfputs_r
                0x0800f85e       0x24 C:/ST/STM32CubeIDE_1.3.0/STM32CubeIDE/plugins/com.st.stm32cube.ide.mcu.externaltools.gnu-tools-for-stm32.12.3.rel1.win32_1.0.200.202406191623/tools/bin/../lib/gcc/arm-none-eabi/12.3.1/../../../../arm-none-eabi/lib/thumb/v7e-m+fp/hard\libc_nano.a(libc_a-nano-vfprintf.o)
                0x0800f85e                __sfputs_r
 *fill*         0x0800f882        0x2 
 .text._vfprintf_r
                0x0800f884      0x230 C:/ST/STM32CubeIDE_1.3.0/STM32CubeIDE/plugins/com.st.stm32cube.ide.mcu.externaltools.gnu-tools-for-stm32.12.3.rel1.win32_1.0.200.202406191623/tools/bin/../lib/gcc/arm-none-eabi/12.3.1/../../../../arm-none-eabi/lib/thumb/v7e-m+fp/hard\libc_nano.a(libc_a-nano-vfprintf.o)
                0x0800f884                _vfprintf_r
                0x0800f884                _vfiprintf_r
 .text.__sflush_r
                0x0800fab4      0x108 C:/ST/STM32CubeIDE_1.3.0/STM32CubeIDE/plugins/com.st.stm32cube.ide.mcu.externaltools.gnu-tools-for-stm32.12.3.rel1.win32_1.0.200.202406191623/tools/bin/../lib/gcc/arm-none-eabi/12.3.1/../../../../arm-none-eabi/lib/thumb/v7e-m+fp/hard\libc_nano.a(libc_a-fflush.o)
                0x0800fab4                __sflush_r
 .text._fflush_r
                0x0800fbbc       0x50 C:/ST/STM32CubeIDE_1.3.0/STM32CubeIDE/plugins/com.st.stm32cube.ide.mcu.externaltools.gnu-tools-for-stm32.12.3.rel1.win32_1.0.200.202406191623/tools/bin/../lib/gcc/arm-none-eabi/12.3.1/../../../../arm-none-eabi/lib/thumb/v7e-m+fp/hard\libc_nano.a(libc_a-fflush.o)
                0x0800fbbc                _fflush_r
 .text.__swhatbuf_r
                0x0800fc0c       0x4c C:/ST/STM32CubeIDE_1.3.0/STM32CubeIDE/plugins/com.st.stm32cube.ide.mcu.externaltools.gnu-tools-for-stm32.12.3.rel1.win32_1.0.200.202406191623/tools/bin/../lib/gcc/arm-none-eabi/12.3.1/../../../../arm-none-eabi/lib/thumb/v7e-m+fp/hard\libc_nano.a(libc_a-makebuf.o)
                0x0800fc0c                __swhatbuf_r
 .text.__smakebuf_r
                0x0800fc58       0x78 C:/ST/STM32CubeIDE_1.3.0/STM32CubeIDE/plugins/com.st.stm32cube.ide.mcu.externaltools.gnu-tools-for-stm32.12.3.rel1.win32_1.0.200.202406191623/tools/bin/../lib/gcc/arm-none-eabi/12.3.1/../../../../arm-none-eabi/lib/thumb/v7e-m+fp/hard\libc_nano.a(libc_a-makebuf.o)
                0x0800fc58                __smakebuf_r
 .text.memmove  0x0800fcd0       0x34 C:/ST/STM32CubeIDE_1.3.0/STM32CubeIDE/plugins/com.st.stm32cube.ide.mcu.externaltools.gnu-tools-for-stm32.12.3.rel1.win32_1.0.200.202406191623/tools/bin/../lib/gcc/arm-none-eabi/12.3.1/../../../../arm-none-eabi/lib/thumb/v7e-m+fp/hard\libc_nano.a(libc_a-memmove.o)
                0x0800fcd0                memmove
 .text._fstat_r
                0x0800fd04       0x24 C:/ST/STM32CubeIDE_1.3.0/STM32CubeIDE/plugins/com.st.stm32cube.ide.mcu.externaltools.gnu-tools-for-stm32.12.3.rel1.win32_1.0.200.202406191623/tools/bin/../lib/gcc/arm-none-eabi/12.3.1/../../../../arm-none-eabi/lib/thumb/v7e-m+fp/hard\libc_nano.a(libc_a-fstatr.o)
                0x0800fd04                _fstat_r
 .text._isatty_r
                0x0800fd28       0x20 C:/ST/STM32CubeIDE_1.3.0/STM32CubeIDE/plugins/com.st.stm32cube.ide.mcu.externaltools.gnu-tools-for-stm32.12.3.rel1.win32_1.0.200.202406191623/tools/bin/../lib/gcc/arm-none-eabi/12.3.1/../../../../arm-none-eabi/lib/thumb/v7e-m+fp/hard\libc_nano.a(libc_a-isattyr.o)
                0x0800fd28                _isatty_r
 .text.__assert_func
                0x0800fd48       0x3c C:/ST/STM32CubeIDE_1.3.0/STM32CubeIDE/plugins/com.st.stm32cube.ide.mcu.externaltools.gnu-tools-for-stm32.12.3.rel1.win32_1.0.200.202406191623/tools/bin/../lib/gcc/arm-none-eabi/12.3.1/../../../../arm-none-eabi/lib/thumb/v7e-m+fp/hard\libc_nano.a(libc_a-assert.o)
                0x0800fd48                __assert_func
 .text._calloc_r
                0x0800fd84       0x28 C:/ST/STM32CubeIDE_1.3.0/STM32CubeIDE/plugins/com.st.stm32cube.ide.mcu.externaltools.gnu-tools-for-stm32.12.3.rel1.win32_1.0.200.202406191623/tools/bin/../lib/gcc/arm-none-eabi/12.3.1/../../../../arm-none-eabi/lib/thumb/v7e-m+fp/hard\libc_nano.a(libc_a-callocr.o)
                0x0800fd84                _calloc_r
 .text.__ascii_mbtowc
                0x0800fdac       0x24 C:/ST/STM32CubeIDE_1.3.0/STM32CubeIDE/plugins/com.st.stm32cube.ide.mcu.externaltools.gnu-tools-for-stm32.12.3.rel1.win32_1.0.200.202406191623/tools/bin/../lib/gcc/arm-none-eabi/12.3.1/../../../../arm-none-eabi/lib/thumb/v7e-m+fp/hard\libc_nano.a(libc_a-mbtowc_r.o)
                0x0800fdac                __ascii_mbtowc
 .text.__ascii_wctomb