01:34:48 **** Incremental Build of configuration Debug for project stm_f411E_disco_inferencing ****
make -j8 all 
arm-none-eabi-size  stm_f411E_disco_inferencing.elf 
   text	   data	    bss	    dec	    hex	filename
 173092	   3072	  14664	 190828	  2e96c	stm_f411E_disco_inferencing.elf
Finished building: default.size.stdout
 
01:35:31 **** Incremental Build of configuration Debug for project stm_f411E_disco_inferencing ****
make -j8 all 
arm-none-eabi-size  stm_f411E_disco_inferencing.elf 
   text	   data	    bss	    dec	    hex	filename
 173092	   3072	  14664	 190828	  2e96c	stm_f411E_disco_inferencing.elf
Finished building: default.size.stdout
 
